Archive member included to satisfy reference by file (symbol)

/opt/Atollic_TrueSTUDIO_for_STM32_x86_64_9.3.0/ARMTools/bin/../lib/gcc/arm-atollic-eabi/6.3.1/../../../../arm-atollic-eabi/lib/armv7e-m/fpu/libc_nano.a(lib_a-errno.o)
                              Core/Src/syscalls.o (__errno)
/opt/Atollic_TrueSTUDIO_for_STM32_x86_64_9.3.0/ARMTools/bin/../lib/gcc/arm-atollic-eabi/6.3.1/../../../../arm-atollic-eabi/lib/armv7e-m/fpu/libc_nano.a(lib_a-impure.o)
                              /opt/Atollic_TrueSTUDIO_for_STM32_x86_64_9.3.0/ARMTools/bin/../lib/gcc/arm-atollic-eabi/6.3.1/../../../../arm-atollic-eabi/lib/armv7e-m/fpu/libc_nano.a(lib_a-errno.o) (_impure_ptr)
/opt/Atollic_TrueSTUDIO_for_STM32_x86_64_9.3.0/ARMTools/bin/../lib/gcc/arm-atollic-eabi/6.3.1/../../../../arm-atollic-eabi/lib/armv7e-m/fpu/libc_nano.a(lib_a-init.o)
                              startup/startup_stm32f407xx.o (__libc_init_array)
/opt/Atollic_TrueSTUDIO_for_STM32_x86_64_9.3.0/ARMTools/bin/../lib/gcc/arm-atollic-eabi/6.3.1/../../../../arm-atollic-eabi/lib/armv7e-m/fpu/libc_nano.a(lib_a-malloc.o)
                              Middlewares/ST/STM32_USB_Device_Library/Class/CDC/Src/usbd_cdc.o (malloc)
/opt/Atollic_TrueSTUDIO_for_STM32_x86_64_9.3.0/ARMTools/bin/../lib/gcc/arm-atollic-eabi/6.3.1/../../../../arm-atollic-eabi/lib/armv7e-m/fpu/libc_nano.a(lib_a-memcpy-stub.o)
                              Core/Src/main.o (memcpy)
/opt/Atollic_TrueSTUDIO_for_STM32_x86_64_9.3.0/ARMTools/bin/../lib/gcc/arm-atollic-eabi/6.3.1/../../../../arm-atollic-eabi/lib/armv7e-m/fpu/libc_nano.a(lib_a-memset.o)
                              Core/Src/main.o (memset)
/opt/Atollic_TrueSTUDIO_for_STM32_x86_64_9.3.0/ARMTools/bin/../lib/gcc/arm-atollic-eabi/6.3.1/../../../../arm-atollic-eabi/lib/armv7e-m/fpu/libc_nano.a(lib_a-nano-freer.o)
                              /opt/Atollic_TrueSTUDIO_for_STM32_x86_64_9.3.0/ARMTools/bin/../lib/gcc/arm-atollic-eabi/6.3.1/../../../../arm-atollic-eabi/lib/armv7e-m/fpu/libc_nano.a(lib_a-malloc.o) (_free_r)
/opt/Atollic_TrueSTUDIO_for_STM32_x86_64_9.3.0/ARMTools/bin/../lib/gcc/arm-atollic-eabi/6.3.1/../../../../arm-atollic-eabi/lib/armv7e-m/fpu/libc_nano.a(lib_a-nano-mallocr.o)
                              /opt/Atollic_TrueSTUDIO_for_STM32_x86_64_9.3.0/ARMTools/bin/../lib/gcc/arm-atollic-eabi/6.3.1/../../../../arm-atollic-eabi/lib/armv7e-m/fpu/libc_nano.a(lib_a-malloc.o) (_malloc_r)
/opt/Atollic_TrueSTUDIO_for_STM32_x86_64_9.3.0/ARMTools/bin/../lib/gcc/arm-atollic-eabi/6.3.1/../../../../arm-atollic-eabi/lib/armv7e-m/fpu/libc_nano.a(lib_a-sbrkr.o)
                              /opt/Atollic_TrueSTUDIO_for_STM32_x86_64_9.3.0/ARMTools/bin/../lib/gcc/arm-atollic-eabi/6.3.1/../../../../arm-atollic-eabi/lib/armv7e-m/fpu/libc_nano.a(lib_a-nano-mallocr.o) (_sbrk_r)
/opt/Atollic_TrueSTUDIO_for_STM32_x86_64_9.3.0/ARMTools/bin/../lib/gcc/arm-atollic-eabi/6.3.1/../../../../arm-atollic-eabi/lib/armv7e-m/fpu/libc_nano.a(lib_a-strcmp.o)
                              Core/Src/main.o (strcmp)
/opt/Atollic_TrueSTUDIO_for_STM32_x86_64_9.3.0/ARMTools/bin/../lib/gcc/arm-atollic-eabi/6.3.1/../../../../arm-atollic-eabi/lib/armv7e-m/fpu/libc_nano.a(lib_a-mlock.o)
                              /opt/Atollic_TrueSTUDIO_for_STM32_x86_64_9.3.0/ARMTools/bin/../lib/gcc/arm-atollic-eabi/6.3.1/../../../../arm-atollic-eabi/lib/armv7e-m/fpu/libc_nano.a(lib_a-nano-freer.o) (__malloc_lock)
/opt/Atollic_TrueSTUDIO_for_STM32_x86_64_9.3.0/ARMTools/bin/../lib/gcc/arm-atollic-eabi/6.3.1/../../../../arm-atollic-eabi/lib/armv7e-m/fpu/libc_nano.a(lib_a-reent.o)
                              /opt/Atollic_TrueSTUDIO_for_STM32_x86_64_9.3.0/ARMTools/bin/../lib/gcc/arm-atollic-eabi/6.3.1/../../../../arm-atollic-eabi/lib/armv7e-m/fpu/libc_nano.a(lib_a-sbrkr.o) (errno)
/opt/Atollic_TrueSTUDIO_for_STM32_x86_64_9.3.0/ARMTools/bin/../lib/gcc/arm-atollic-eabi/6.3.1/armv7e-m/fpu/libgcc.a(_arm_addsubdf3.o)
                              Core/Src/main.o (__aeabi_dadd)
/opt/Atollic_TrueSTUDIO_for_STM32_x86_64_9.3.0/ARMTools/bin/../lib/gcc/arm-atollic-eabi/6.3.1/armv7e-m/fpu/libgcc.a(_arm_muldivdf3.o)
                              Core/Src/main.o (__aeabi_dmul)
/opt/Atollic_TrueSTUDIO_for_STM32_x86_64_9.3.0/ARMTools/bin/../lib/gcc/arm-atollic-eabi/6.3.1/armv7e-m/fpu/libgcc.a(_arm_fixdfsi.o)
                              Core/Src/main.o (__aeabi_d2iz)
/opt/Atollic_TrueSTUDIO_for_STM32_x86_64_9.3.0/ARMTools/bin/../lib/gcc/arm-atollic-eabi/6.3.1/armv7e-m/fpu/libgcc.a(_aeabi_uldivmod.o)
                              Drivers/STM32F4xx_HAL_Driver/Src/stm32f4xx_hal_rcc.o (__aeabi_uldivmod)
/opt/Atollic_TrueSTUDIO_for_STM32_x86_64_9.3.0/ARMTools/bin/../lib/gcc/arm-atollic-eabi/6.3.1/armv7e-m/fpu/libgcc.a(_udivmoddi4.o)
                              /opt/Atollic_TrueSTUDIO_for_STM32_x86_64_9.3.0/ARMTools/bin/../lib/gcc/arm-atollic-eabi/6.3.1/armv7e-m/fpu/libgcc.a(_aeabi_uldivmod.o) (__udivmoddi4)
[...]
Memory Configuration

Name             Origin             Length             Attributes
RAM              0x0000000020000000 0x0000000000020000 xrw
CCMRAM           0x0000000010000000 0x0000000000010000 xrw
FLASH            0x0000000008000000 0x0000000000100000 xr
*default*        0x0000000000000000 0xffffffffffffffff

Linker script and memory map

LOAD /opt/Atollic_TrueSTUDIO_for_STM32_x86_64_9.3.0/ARMTools/bin/../lib/gcc/arm-atollic-eabi/6.3.1/armv7e-m/fpu/crti.o
LOAD /opt/Atollic_TrueSTUDIO_for_STM32_x86_64_9.3.0/ARMTools/bin/../lib/gcc/arm-atollic-eabi/6.3.1/armv7e-m/fpu/crtbegin.o
LOAD Core/Src/main.o
LOAD Core/Src/stm32f4xx_hal_msp.o
LOAD Core/Src/stm32f4xx_it.o
LOAD Core/Src/syscalls.o
LOAD Core/Src/system_stm32f4xx.o
LOAD Drivers/STM32F4xx_HAL_Driver/Src/stm32f4xx_hal.o
LOAD Drivers/STM32F4xx_HAL_Driver/Src/stm32f4xx_hal_cortex.o
LOAD Drivers/STM32F4xx_HAL_Driver/Src/stm32f4xx_hal_dma.o
LOAD Drivers/STM32F4xx_HAL_Driver/Src/stm32f4xx_hal_dma_ex.o
LOAD Drivers/STM32F4xx_HAL_Driver/Src/stm32f4xx_hal_exti.o
LOAD Drivers/STM32F4xx_HAL_Driver/Src/stm32f4xx_hal_flash.o
LOAD Drivers/STM32F4xx_HAL_Driver/Src/stm32f4xx_hal_flash_ex.o
LOAD Drivers/STM32F4xx_HAL_Driver/Src/stm32f4xx_hal_flash_ramfunc.o
LOAD Drivers/STM32F4xx_HAL_Driver/Src/stm32f4xx_hal_gpio.o
LOAD Drivers/STM32F4xx_HAL_Driver/Src/stm32f4xx_hal_pcd.o
LOAD Drivers/STM32F4xx_HAL_Driver/Src/stm32f4xx_hal_pcd_ex.o
LOAD Drivers/STM32F4xx_HAL_Driver/Src/stm32f4xx_hal_pwr.o
LOAD Drivers/STM32F4xx_HAL_Driver/Src/stm32f4xx_hal_pwr_ex.o
LOAD Drivers/STM32F4xx_HAL_Driver/Src/stm32f4xx_hal_rcc.o
LOAD Drivers/STM32F4xx_HAL_Driver/Src/stm32f4xx_hal_rcc_ex.o
LOAD Drivers/STM32F4xx_HAL_Driver/Src/stm32f4xx_hal_tim.o
LOAD Drivers/STM32F4xx_HAL_Driver/Src/stm32f4xx_hal_tim_ex.o
LOAD Drivers/STM32F4xx_HAL_Driver/Src/stm32f4xx_ll_usb.o
LOAD Middlewares/ST/STM32_USB_Device_Library/Class/CDC/Src/usbd_cdc.o
LOAD Middlewares/ST/STM32_USB_Device_Library/Core/Src/usbd_core.o
LOAD Middlewares/ST/STM32_USB_Device_Library/Core/Src/usbd_ctlreq.o
LOAD Middlewares/ST/STM32_USB_Device_Library/Core/Src/usbd_ioreq.o
LOAD USB_DEVICE/App/usb_device.o
LOAD USB_DEVICE/App/usbd_cdc_if.o
LOAD USB_DEVICE/App/usbd_desc.o
LOAD USB_DEVICE/Target/usbd_conf.o
LOAD startup/startup_stm32f407xx.o
                0x0000000000000080                malloc_getpagesize_P = 0x80
START GROUP
LOAD /opt/Atollic_TrueSTUDIO_for_STM32_x86_64_9.3.0/ARMTools/bin/../lib/gcc/arm-atollic-eabi/6.3.1/../../../../arm-atollic-eabi/lib/armv7e-m/fpu/libc_nano.a
LOAD /opt/Atollic_TrueSTUDIO_for_STM32_x86_64_9.3.0/ARMTools/bin/../lib/gcc/arm-atollic-eabi/6.3.1/../../../../arm-atollic-eabi/lib/armv7e-m/fpu/libm.a
END GROUP
START GROUP
LOAD /opt/Atollic_TrueSTUDIO_for_STM32_x86_64_9.3.0/ARMTools/bin/../lib/gcc/arm-atollic-eabi/6.3.1/armv7e-m/fpu/libgcc.a
LOAD /opt/Atollic_TrueSTUDIO_for_STM32_x86_64_9.3.0/ARMTools/bin/../lib/gcc/arm-atollic-eabi/6.3.1/../../../../arm-atollic-eabi/lib/armv7e-m/fpu/libc_nano.a
END GROUP
START GROUP
LOAD /opt/Atollic_TrueSTUDIO_for_STM32_x86_64_9.3.0/ARMTools/bin/../lib/gcc/arm-atollic-eabi/6.3.1/armv7e-m/fpu/libgcc.a
LOAD /opt/Atollic_TrueSTUDIO_for_STM32_x86_64_9.3.0/ARMTools/bin/../lib/gcc/arm-atollic-eabi/6.3.1/../../../../arm-atollic-eabi/lib/armv7e-m/fpu/libc_nano.a
LOAD /opt/Atollic_TrueSTUDIO_for_STM32_x86_64_9.3.0/ARMTools/bin/../lib/gcc/arm-atollic-eabi/6.3.1/../../../../arm-atollic-eabi/lib/armv7e-m/fpu/libnosys.a
END GROUP
START GROUP
LOAD /opt/Atollic_TrueSTUDIO_for_STM32_x86_64_9.3.0/ARMTools/bin/../lib/gcc/arm-atollic-eabi/6.3.1/armv7e-m/fpu/libgcc.a
LOAD /opt/Atollic_TrueSTUDIO_for_STM32_x86_64_9.3.0/ARMTools/bin/../lib/gcc/arm-atollic-eabi/6.3.1/../../../../arm-atollic-eabi/lib/armv7e-m/fpu/libc_nano.a
LOAD /opt/Atollic_TrueSTUDIO_for_STM32_x86_64_9.3.0/ARMTools/bin/../lib/gcc/arm-atollic-eabi/6.3.1/../../../../arm-atollic-eabi/lib/armv7e-m/fpu/libnosys.a
END GROUP
LOAD /opt/Atollic_TrueSTUDIO_for_STM32_x86_64_9.3.0/ARMTools/bin/../lib/gcc/arm-atollic-eabi/6.3.1/armv7e-m/fpu/crtend.o
LOAD /opt/Atollic_TrueSTUDIO_for_STM32_x86_64_9.3.0/ARMTools/bin/../lib/gcc/arm-atollic-eabi/6.3.1/armv7e-m/fpu/crtn.o
                0x0000000020020000                _estack = 0x20020000
                0x0000000000002000                _Min_Heap_Size = 0x2000
                0x0000000000004000                _Min_Stack_Size = 0x4000

.isr_vector     0x0000000008000000      0x188
                0x0000000008000000                . = ALIGN (0x4)
 *(.isr_vector)
 .isr_vector    0x0000000008000000      0x188 startup/startup_stm32f407xx.o
                0x0000000008000000                g_pfnVectors
                0x0000000008000188                . = ALIGN (0x4)

.text           0x0000000008000188     0x7c1c
                0x0000000008000188                . = ALIGN (0x4)
 *(.text)
 .text          0x0000000008000188       0x40 /opt/Atollic_TrueSTUDIO_for_STM32_x86_64_9.3.0/ARMTools/bin/../lib/gcc/arm-atollic-eabi/6.3.1/armv7e-m/fpu/crtbegin.o
 .text          0x00000000080001c8       0x14 /opt/Atollic_TrueSTUDIO_for_STM32_x86_64_9.3.0/ARMTools/bin/../lib/gcc/arm-atollic-eabi/6.3.1/../../../../arm-atollic-eabi/lib/armv7e-m/fpu/libc_nano.a(lib_a-strcmp.o)
                0x00000000080001c8                strcmp
 .text          0x00000000080001dc      0x370 /opt/Atollic_TrueSTUDIO_for_STM32_x86_64_9.3.0/ARMTools/bin/../lib/gcc/arm-atollic-eabi/6.3.1/armv7e-m/fpu/libgcc.a(_arm_addsubdf3.o)
                0x00000000080001dc                __aeabi_drsub
                0x00000000080001e4                __aeabi_dsub
                0x00000000080001e4                __subdf3
                0x00000000080001e8                __adddf3
                0x00000000080001e8                __aeabi_dadd
                0x0000000008000460                __aeabi_ui2d
                0x0000000008000460                __floatunsidf
                0x0000000008000480                __floatsidf
                0x0000000008000480                __aeabi_i2d
                0x00000000080004a4                __extendsfdf2
                0x00000000080004a4                __aeabi_f2d
                0x00000000080004e0                __aeabi_ul2d
                0x00000000080004e0                __floatundidf
                0x00000000080004f0                __floatdidf
                0x00000000080004f0                __aeabi_l2d
 .text          0x000000000800054c      0x424 /opt/Atollic_TrueSTUDIO_for_STM32_x86_64_9.3.0/ARMTools/bin/../lib/gcc/arm-atollic-eabi/6.3.1/armv7e-m/fpu/libgcc.a(_arm_muldivdf3.o)
                0x000000000800054c                __aeabi_dmul
                0x000000000800054c                __muldf3
                0x00000000080007a0                __aeabi_ddiv
                0x00000000080007a0                __divdf3
 .text          0x0000000008000970       0x50 /opt/Atollic_TrueSTUDIO_for_STM32_x86_64_9.3.0/ARMTools/bin/../lib/gcc/arm-atollic-eabi/6.3.1/armv7e-m/fpu/libgcc.a(_arm_fixdfsi.o)
                0x0000000008000970                __fixdfsi
                0x0000000008000970                __aeabi_d2iz
 .text          0x00000000080009c0       0x30 /opt/Atollic_TrueSTUDIO_for_STM32_x86_64_9.3.0/ARMTools/bin/../lib/gcc/arm-atollic-eabi/6.3.1/armv7e-m/fpu/libgcc.a(_aeabi_uldivmod.o)
                0x00000000080009c0                __aeabi_uldivmod
 .text          0x00000000080009f0      0x2dc /opt/Atollic_TrueSTUDIO_for_STM32_x86_64_9.3.0/ARMTools/bin/../lib/gcc/arm-atollic-eabi/6.3.1/armv7e-m/fpu/libgcc.a(_udivmoddi4.o)
                0x00000000080009f0                __udivmoddi4
 .text          0x0000000008000ccc        0x4 /opt/Atollic_TrueSTUDIO_for_STM32_x86_64_9.3.0/ARMTools/bin/../lib/gcc/arm-atollic-eabi/6.3.1/armv7e-m/fpu/libgcc.a(_dvmd_tls.o)
                0x0000000008000ccc                __aeabi_ldiv0
                0x0000000008000ccc                __aeabi_idiv0
 *(.text*)
 .text.main     0x0000000008000cd0       0x6c Core/Src/main.o
                0x0000000008000cd0                main
 .text.map      0x0000000008000d3c       0x86 Core/Src/main.o
                0x0000000008000d3c                map
 *fill*         0x0000000008000dc2        0x2 
 .text.servo_sweep
                0x0000000008000dc4       0xa4 Core/Src/main.o
                0x0000000008000dc4                servo_sweep
 .text.servo_write
                0x0000000008000e68       0x7c Core/Src/main.o
                0x0000000008000e68                servo_write
 .text.CDC_ReceiveCallBack
                0x0000000008000ee4       0x80 Core/Src/main.o
                0x0000000008000ee4                CDC_ReceiveCallBack
 .text.SystemClock_Config
                0x0000000008000f64       0xd0 Core/Src/main.o
                0x0000000008000f64                SystemClock_Config
 .text.MX_TIM1_Init
                0x0000000008001034      0x18c Core/Src/main.o
 .text.MX_GPIO_Init
                0x00000000080011c0       0x6c Core/Src/main.o
 .text.Error_Handler
                0x000000000800122c        0xe Core/Src/main.o
                0x000000000800122c                Error_Handler
 *fill*         0x000000000800123a        0x2 
 .text.HAL_MspInit
                0x000000000800123c       0x50 Core/Src/stm32f4xx_hal_msp.o
                0x000000000800123c                HAL_MspInit
 .text.HAL_TIM_Base_MspInit
                0x000000000800128c       0x44 Core/Src/stm32f4xx_hal_msp.o
                0x000000000800128c                HAL_TIM_Base_MspInit
 .text.HAL_TIM_MspPostInit
                0x00000000080012d0       0x74 Core/Src/stm32f4xx_hal_msp.o
                0x00000000080012d0                HAL_TIM_MspPostInit
 .text.NMI_Handler
                0x0000000008001344        0xe Core/Src/stm32f4xx_it.o
                0x0000000008001344                NMI_Handler
 .text.HardFault_Handler
                0x0000000008001352        0x6 Core/Src/stm32f4xx_it.o
                0x0000000008001352                HardFault_Handler
 .text.MemManage_Handler
                0x0000000008001358        0x6 Core/Src/stm32f4xx_it.o
                0x0000000008001358                MemManage_Handler
 .text.BusFault_Handler
                0x000000000800135e        0x6 Core/Src/stm32f4xx_it.o
                0x000000000800135e                BusFault_Handler
 .text.UsageFault_Handler
                0x0000000008001364        0x6 Core/Src/stm32f4xx_it.o
                0x0000000008001364                UsageFault_Handler
 .text.SVC_Handler
                0x000000000800136a        0xe Core/Src/stm32f4xx_it.o
                0x000000000800136a                SVC_Handler
 .text.DebugMon_Handler
                0x0000000008001378        0xe Core/Src/stm32f4xx_it.o
                0x0000000008001378                DebugMon_Handler
 .text.PendSV_Handler
                0x0000000008001386        0xe Core/Src/stm32f4xx_it.o
                0x0000000008001386                PendSV_Handler
 .text.SysTick_Handler
                0x0000000008001394        0xc Core/Src/stm32f4xx_it.o
                0x0000000008001394                SysTick_Handler
 .text.OTG_FS_IRQHandler
                0x00000000080013a0       0x14 Core/Src/stm32f4xx_it.o
                0x00000000080013a0                OTG_FS_IRQHandler
 .text._sbrk    0x00000000080013b4       0x58 Core/Src/syscalls.o
                0x00000000080013b4                _sbrk
 .text.SystemInit
                0x000000000800140c       0x2c Core/Src/system_stm32f4xx.o
                0x000000000800140c                SystemInit
 .text.HAL_Init
                0x0000000008001438       0x44 Drivers/STM32F4xx_HAL_Driver/Src/stm32f4xx_hal.o
                0x0000000008001438                HAL_Init
 .text.HAL_InitTick
                0x000000000800147c       0x60 Drivers/STM32F4xx_HAL_Driver/Src/stm32f4xx_hal.o
                0x000000000800147c                HAL_InitTick
 .text.HAL_IncTick
                0x00000000080014dc       0x28 Drivers/STM32F4xx_HAL_Driver/Src/stm32f4xx_hal.o
                0x00000000080014dc                HAL_IncTick
 .text.HAL_GetTick
                0x0000000008001504       0x18 Drivers/STM32F4xx_HAL_Driver/Src/stm32f4xx_hal.o
                0x0000000008001504                HAL_GetTick
 .text.HAL_Delay
                0x000000000800151c       0x44 Drivers/STM32F4xx_HAL_Driver/Src/stm32f4xx_hal.o
                0x000000000800151c                HAL_Delay
 .text.__NVIC_SetPriorityGrouping
                0x0000000008001560       0x48 Drivers/STM32F4xx_HAL_Driver/Src/stm32f4xx_hal_cortex.o
 .text.__NVIC_GetPriorityGrouping
                0x00000000080015a8       0x1c Drivers/STM32F4xx_HAL_Driver/Src/stm32f4xx_hal_cortex.o
 .text.__NVIC_EnableIRQ
                0x00000000080015c4       0x3c Drivers/STM32F4xx_HAL_Driver/Src/stm32f4xx_hal_cortex.o
 .text.__NVIC_SetPriority
                0x0000000008001600       0x54 Drivers/STM32F4xx_HAL_Driver/Src/stm32f4xx_hal_cortex.o
 .text.NVIC_EncodePriority
                0x0000000008001654       0x62 Drivers/STM32F4xx_HAL_Driver/Src/stm32f4xx_hal_cortex.o
 *fill*         0x00000000080016b6        0x2 
 .text.SysTick_Config
                0x00000000080016b8       0x44 Drivers/STM32F4xx_HAL_Driver/Src/stm32f4xx_hal_cortex.o
 .text.HAL_NVIC_SetPriorityGrouping
                0x00000000080016fc       0x16 Drivers/STM32F4xx_HAL_Driver/Src/stm32f4xx_hal_cortex.o
                0x00000000080016fc                HAL_NVIC_SetPriorityGrouping
 .text.HAL_NVIC_SetPriority
                0x0000000008001712       0x38 Drivers/STM32F4xx_HAL_Driver/Src/stm32f4xx_hal_cortex.o
                0x0000000008001712                HAL_NVIC_SetPriority
 .text.HAL_NVIC_EnableIRQ
                0x000000000800174a       0x1c Drivers/STM32F4xx_HAL_Driver/Src/stm32f4xx_hal_cortex.o
                0x000000000800174a                HAL_NVIC_EnableIRQ
 .text.HAL_SYSTICK_Config
                0x0000000008001766       0x18 Drivers/STM32F4xx_HAL_Driver/Src/stm32f4xx_hal_cortex.o
                0x0000000008001766                HAL_SYSTICK_Config
 *fill*         0x000000000800177e        0x2 
 .text.HAL_GPIO_Init
                0x0000000008001780      0x334 Drivers/STM32F4xx_HAL_Driver/Src/stm32f4xx_hal_gpio.o
                0x0000000008001780                HAL_GPIO_Init
 .text.HAL_PCD_Init
                0x0000000008001ab4      0x23a Drivers/STM32F4xx_HAL_Driver/Src/stm32f4xx_hal_pcd.o
                0x0000000008001ab4                HAL_PCD_Init
 .text.HAL_PCD_Start
                0x0000000008001cee       0x66 Drivers/STM32F4xx_HAL_Driver/Src/stm32f4xx_hal_pcd.o
                0x0000000008001cee                HAL_PCD_Start
 .text.HAL_PCD_IRQHandler
                0x0000000008001d54      0x77e Drivers/STM32F4xx_HAL_Driver/Src/stm32f4xx_hal_pcd.o
                0x0000000008001d54                HAL_PCD_IRQHandler
 .text.HAL_PCD_SetAddress
                0x00000000080024d2       0x4a Drivers/STM32F4xx_HAL_Driver/Src/stm32f4xx_hal_pcd.o
                0x00000000080024d2                HAL_PCD_SetAddress
 .text.HAL_PCD_EP_Open
                0x000000000800251c       0xd0 Drivers/STM32F4xx_HAL_Driver/Src/stm32f4xx_hal_pcd.o
                0x000000000800251c                HAL_PCD_EP_Open
 .text.HAL_PCD_EP_Close
                0x00000000080025ec       0x94 Drivers/STM32F4xx_HAL_Driver/Src/stm32f4xx_hal_pcd.o
                0x00000000080025ec                HAL_PCD_EP_Close
 .text.HAL_PCD_EP_Receive
                0x0000000008002680       0x96 Drivers/STM32F4xx_HAL_Driver/Src/stm32f4xx_hal_pcd.o
                0x0000000008002680                HAL_PCD_EP_Receive
 .text.HAL_PCD_EP_GetRxCount
                0x0000000008002716       0x30 Drivers/STM32F4xx_HAL_Driver/Src/stm32f4xx_hal_pcd.o
                0x0000000008002716                HAL_PCD_EP_GetRxCount
 .text.HAL_PCD_EP_Transmit
                0x0000000008002746       0x94 Drivers/STM32F4xx_HAL_Driver/Src/stm32f4xx_hal_pcd.o
                0x0000000008002746                HAL_PCD_EP_Transmit
 .text.HAL_PCD_EP_SetStall
                0x00000000080027da       0xc8 Drivers/STM32F4xx_HAL_Driver/Src/stm32f4xx_hal_pcd.o
                0x00000000080027da                HAL_PCD_EP_SetStall
 .text.HAL_PCD_EP_ClrStall
                0x00000000080028a2       0xac Drivers/STM32F4xx_HAL_Driver/Src/stm32f4xx_hal_pcd.o
                0x00000000080028a2                HAL_PCD_EP_ClrStall
 .text.PCD_WriteEmptyTxFifo
                0x000000000800294e      0x11c Drivers/STM32F4xx_HAL_Driver/Src/stm32f4xx_hal_pcd.o
 *fill*         0x0000000008002a6a        0x2 
 .text.PCD_EP_OutXfrComplete_int
                0x0000000008002a6c      0x218 Drivers/STM32F4xx_HAL_Driver/Src/stm32f4xx_hal_pcd.o
 .text.PCD_EP_OutSetupPacket_int
                0x0000000008002c84       0x8c Drivers/STM32F4xx_HAL_Driver/Src/stm32f4xx_hal_pcd.o
 .text.HAL_PCDEx_SetTxFiFo
                0x0000000008002d10       0x8e Drivers/STM32F4xx_HAL_Driver/Src/stm32f4xx_hal_pcd_ex.o
                0x0000000008002d10                HAL_PCDEx_SetTxFiFo
 .text.HAL_PCDEx_SetRxFiFo
                0x0000000008002d9e       0x22 Drivers/STM32F4xx_HAL_Driver/Src/stm32f4xx_hal_pcd_ex.o
                0x0000000008002d9e                HAL_PCDEx_SetRxFiFo
 .text.HAL_PCDEx_LPM_Callback
                0x0000000008002dc0       0x18 Drivers/STM32F4xx_HAL_Driver/Src/stm32f4xx_hal_pcd_ex.o
                0x0000000008002dc0                HAL_PCDEx_LPM_Callback
 .text.HAL_RCC_OscConfig
                0x0000000008002dd8      0x4e0 Drivers/STM32F4xx_HAL_Driver/Src/stm32f4xx_hal_rcc.o
                0x0000000008002dd8                HAL_RCC_OscConfig
 .text.HAL_RCC_ClockConfig
                0x00000000080032b8      0x1cc Drivers/STM32F4xx_HAL_Driver/Src/stm32f4xx_hal_rcc.o
                0x00000000080032b8                HAL_RCC_ClockConfig
 .text.HAL_RCC_GetSysClockFreq
                0x0000000008003484      0x1b0 Drivers/STM32F4xx_HAL_Driver/Src/stm32f4xx_hal_rcc.o
                0x0000000008003484                HAL_RCC_GetSysClockFreq
 .text.HAL_RCC_GetHCLKFreq
                0x0000000008003634       0x18 Drivers/STM32F4xx_HAL_Driver/Src/stm32f4xx_hal_rcc.o
                0x0000000008003634                HAL_RCC_GetHCLKFreq
 .text.HAL_TIM_Base_Init
                0x000000000800364c       0x56 Drivers/STM32F4xx_HAL_Driver/Src/stm32f4xx_hal_tim.o
                0x000000000800364c                HAL_TIM_Base_Init
 .text.HAL_TIM_PWM_Init
                0x00000000080036a2       0x56 Drivers/STM32F4xx_HAL_Driver/Src/stm32f4xx_hal_tim.o
                0x00000000080036a2                HAL_TIM_PWM_Init
 .text.HAL_TIM_PWM_MspInit
                0x00000000080036f8       0x14 Drivers/STM32F4xx_HAL_Driver/Src/stm32f4xx_hal_tim.o
                0x00000000080036f8                HAL_TIM_PWM_MspInit
 .text.HAL_TIM_PWM_Start
                0x000000000800370c       0x7c Drivers/STM32F4xx_HAL_Driver/Src/stm32f4xx_hal_tim.o
                0x000000000800370c                HAL_TIM_PWM_Start
 .text.HAL_TIM_PWM_ConfigChannel
                0x0000000008003788      0x18c Drivers/STM32F4xx_HAL_Driver/Src/stm32f4xx_hal_tim.o
                0x0000000008003788                HAL_TIM_PWM_ConfigChannel
 .text.HAL_TIM_ConfigClockSource
                0x0000000008003914      0x16e Drivers/STM32F4xx_HAL_Driver/Src/stm32f4xx_hal_tim.o
                0x0000000008003914                HAL_TIM_ConfigClockSource
 *fill*         0x0000000008003a82        0x2 
 .text.TIM_Base_SetConfig
                0x0000000008003a84      0x140 Drivers/STM32F4xx_HAL_Driver/Src/stm32f4xx_hal_tim.o
                0x0000000008003a84                TIM_Base_SetConfig
 .text.TIM_OC1_SetConfig
                0x0000000008003bc4       0xe0 Drivers/STM32F4xx_HAL_Driver/Src/stm32f4xx_hal_tim.o
 .text.TIM_OC2_SetConfig
                0x0000000008003ca4       0xec Drivers/STM32F4xx_HAL_Driver/Src/stm32f4xx_hal_tim.o
                0x0000000008003ca4                TIM_OC2_SetConfig
 .text.TIM_OC3_SetConfig
                0x0000000008003d90       0xe8 Drivers/STM32F4xx_HAL_Driver/Src/stm32f4xx_hal_tim.o
 .text.TIM_OC4_SetConfig
                0x0000000008003e78       0xac Drivers/STM32F4xx_HAL_Driver/Src/stm32f4xx_hal_tim.o
 .text.TIM_TI1_ConfigInputStage
                0x0000000008003f24       0x5e Drivers/STM32F4xx_HAL_Driver/Src/stm32f4xx_hal_tim.o
 .text.TIM_TI2_ConfigInputStage
                0x0000000008003f82       0x60 Drivers/STM32F4xx_HAL_Driver/Src/stm32f4xx_hal_tim.o
 .text.TIM_ITRx_SetConfig
                0x0000000008003fe2       0x36 Drivers/STM32F4xx_HAL_Driver/Src/stm32f4xx_hal_tim.o
 .text.TIM_ETR_SetConfig
                0x0000000008004018       0x40 Drivers/STM32F4xx_HAL_Driver/Src/stm32f4xx_hal_tim.o
                0x0000000008004018                TIM_ETR_SetConfig
 .text.TIM_CCxChannelCmd
                0x0000000008004058       0x4a Drivers/STM32F4xx_HAL_Driver/Src/stm32f4xx_hal_tim.o
                0x0000000008004058                TIM_CCxChannelCmd
 *fill*         0x00000000080040a2        0x2 
 .text.HAL_TIMEx_MasterConfigSynchronization
                0x00000000080040a4       0xf8 Drivers/STM32F4xx_HAL_Driver/Src/stm32f4xx_hal_tim_ex.o
                0x00000000080040a4                HAL_TIMEx_MasterConfigSynchronization
 .text.HAL_TIMEx_ConfigBreakDeadTime
                0x000000000800419c       0xa4 Drivers/STM32F4xx_HAL_Driver/Src/stm32f4xx_hal_tim_ex.o
                0x000000000800419c                HAL_TIMEx_ConfigBreakDeadTime
 .text.USB_CoreInit
                0x0000000008004240       0xc2 Drivers/STM32F4xx_HAL_Driver/Src/stm32f4xx_ll_usb.o
                0x0000000008004240                USB_CoreInit
 *fill*         0x0000000008004302        0x2 
 .text.USB_SetTurnaroundTime
                0x0000000008004304      0x144 Drivers/STM32F4xx_HAL_Driver/Src/stm32f4xx_ll_usb.o
                0x0000000008004304                USB_SetTurnaroundTime
 .text.USB_EnableGlobalInt
                0x0000000008004448       0x22 Drivers/STM32F4xx_HAL_Driver/Src/stm32f4xx_ll_usb.o
                0x0000000008004448                USB_EnableGlobalInt
 .text.USB_DisableGlobalInt
                0x000000000800446a       0x22 Drivers/STM32F4xx_HAL_Driver/Src/stm32f4xx_ll_usb.o
                0x000000000800446a                USB_DisableGlobalInt
 .text.USB_SetCurrentMode
                0x000000000800448c       0x54 Drivers/STM32F4xx_HAL_Driver/Src/stm32f4xx_ll_usb.o
                0x000000000800448c                USB_SetCurrentMode
 .text.USB_DevInit
                0x00000000080044e0      0x2cc Drivers/STM32F4xx_HAL_Driver/Src/stm32f4xx_ll_usb.o
                0x00000000080044e0                USB_DevInit
 .text.USB_FlushTxFifo
                0x00000000080047ac       0x4c Drivers/STM32F4xx_HAL_Driver/Src/stm32f4xx_ll_usb.o
                0x00000000080047ac                USB_FlushTxFifo
 .text.USB_FlushRxFifo
                0x00000000080047f8       0x44 Drivers/STM32F4xx_HAL_Driver/Src/stm32f4xx_ll_usb.o
                0x00000000080047f8                USB_FlushRxFifo
 .text.USB_SetDevSpeed
                0x000000000800483c       0x34 Drivers/STM32F4xx_HAL_Driver/Src/stm32f4xx_ll_usb.o
                0x000000000800483c                USB_SetDevSpeed
 .text.USB_GetDevSpeed
                0x0000000008004870       0x4a Drivers/STM32F4xx_HAL_Driver/Src/stm32f4xx_ll_usb.o
                0x0000000008004870                USB_GetDevSpeed
 .text.USB_ActivateEndpoint
                0x00000000080048ba      0x116 Drivers/STM32F4xx_HAL_Driver/Src/stm32f4xx_ll_usb.o
                0x00000000080048ba                USB_ActivateEndpoint
 .text.USB_DeactivateEndpoint
                0x00000000080049d0      0x1c8 Drivers/STM32F4xx_HAL_Driver/Src/stm32f4xx_ll_usb.o
                0x00000000080049d0                USB_DeactivateEndpoint
 .text.USB_EPStartXfer
                0x0000000008004b98      0x4b8 Drivers/STM32F4xx_HAL_Driver/Src/stm32f4xx_ll_usb.o
                0x0000000008004b98                USB_EPStartXfer
 .text.USB_EP0StartXfer
                0x0000000008005050      0x2c6 Drivers/STM32F4xx_HAL_Driver/Src/stm32f4xx_ll_usb.o
                0x0000000008005050                USB_EP0StartXfer
 .text.USB_WritePacket
                0x0000000008005316       0x6a Drivers/STM32F4xx_HAL_Driver/Src/stm32f4xx_ll_usb.o
                0x0000000008005316                USB_WritePacket
 .text.USB_ReadPacket
                0x0000000008005380       0x52 Drivers/STM32F4xx_HAL_Driver/Src/stm32f4xx_ll_usb.o
                0x0000000008005380                USB_ReadPacket
 .text.USB_EPSetStall
                0x00000000080053d2       0xe4 Drivers/STM32F4xx_HAL_Driver/Src/stm32f4xx_ll_usb.o
                0x00000000080053d2                USB_EPSetStall
 .text.USB_EPClearStall
                0x00000000080054b6       0xd4 Drivers/STM32F4xx_HAL_Driver/Src/stm32f4xx_ll_usb.o
                0x00000000080054b6                USB_EPClearStall
 .text.USB_SetDevAddress
                0x000000000800558a       0x50 Drivers/STM32F4xx_HAL_Driver/Src/stm32f4xx_ll_usb.o
                0x000000000800558a                USB_SetDevAddress
 .text.USB_DevConnect
                0x00000000080055da       0x32 Drivers/STM32F4xx_HAL_Driver/Src/stm32f4xx_ll_usb.o
                0x00000000080055da                USB_DevConnect
 .text.USB_DevDisconnect
                0x000000000800560c       0x32 Drivers/STM32F4xx_HAL_Driver/Src/stm32f4xx_ll_usb.o
                0x000000000800560c                USB_DevDisconnect
 .text.USB_ReadInterrupts
                0x000000000800563e       0x26 Drivers/STM32F4xx_HAL_Driver/Src/stm32f4xx_ll_usb.o
                0x000000000800563e                USB_ReadInterrupts
 .text.USB_ReadDevAllOutEpInterrupt
                0x0000000008005664       0x34 Drivers/STM32F4xx_HAL_Driver/Src/stm32f4xx_ll_usb.o
                0x0000000008005664                USB_ReadDevAllOutEpInterrupt
 .text.USB_ReadDevAllInEpInterrupt
                0x0000000008005698       0x34 Drivers/STM32F4xx_HAL_Driver/Src/stm32f4xx_ll_usb.o
                0x0000000008005698                USB_ReadDevAllInEpInterrupt
 .text.USB_ReadDevOutEPInterrupt
                0x00000000080056cc       0x3c Drivers/STM32F4xx_HAL_Driver/Src/stm32f4xx_ll_usb.o
                0x00000000080056cc                USB_ReadDevOutEPInterrupt
 .text.USB_ReadDevInEPInterrupt
                0x0000000008005708       0x5c Drivers/STM32F4xx_HAL_Driver/Src/stm32f4xx_ll_usb.o
                0x0000000008005708                USB_ReadDevInEPInterrupt
 .text.USB_GetMode
                0x0000000008005764       0x1c Drivers/STM32F4xx_HAL_Driver/Src/stm32f4xx_ll_usb.o
                0x0000000008005764                USB_GetMode
 .text.USB_ActivateSetup
                0x0000000008005780       0x4a Drivers/STM32F4xx_HAL_Driver/Src/stm32f4xx_ll_usb.o
                0x0000000008005780                USB_ActivateSetup
 *fill*         0x00000000080057ca        0x2 
 .text.USB_EP0_OutStart
                0x00000000080057cc       0xc4 Drivers/STM32F4xx_HAL_Driver/Src/stm32f4xx_ll_usb.o
                0x00000000080057cc                USB_EP0_OutStart
 .text.USB_CoreReset
                0x0000000008005890       0x68 Drivers/STM32F4xx_HAL_Driver/Src/stm32f4xx_ll_usb.o
 .text.USBD_CDC_Init
                0x00000000080058f8      0x100 Middlewares/ST/STM32_USB_Device_Library/Class/CDC/Src/usbd_cdc.o
 .text.USBD_CDC_DeInit
                0x00000000080059f8       0x78 Middlewares/ST/STM32_USB_Device_Library/Class/CDC/Src/usbd_cdc.o
 .text.USBD_CDC_Setup
                0x0000000008005a70      0x178 Middlewares/ST/STM32_USB_Device_Library/Class/CDC/Src/usbd_cdc.o
 .text.USBD_CDC_DataIn
                0x0000000008005be8       0xbe Middlewares/ST/STM32_USB_Device_Library/Class/CDC/Src/usbd_cdc.o
 .text.USBD_CDC_DataOut
                0x0000000008005ca6       0x56 Middlewares/ST/STM32_USB_Device_Library/Class/CDC/Src/usbd_cdc.o
 .text.USBD_CDC_EP0_RxReady
                0x0000000008005cfc       0x50 Middlewares/ST/STM32_USB_Device_Library/Class/CDC/Src/usbd_cdc.o
 .text.USBD_CDC_GetFSCfgDesc
                0x0000000008005d4c       0x20 Middlewares/ST/STM32_USB_Device_Library/Class/CDC/Src/usbd_cdc.o
 .text.USBD_CDC_GetHSCfgDesc
                0x0000000008005d6c       0x20 Middlewares/ST/STM32_USB_Device_Library/Class/CDC/Src/usbd_cdc.o
 .text.USBD_CDC_GetOtherSpeedCfgDesc
                0x0000000008005d8c       0x20 Middlewares/ST/STM32_USB_Device_Library/Class/CDC/Src/usbd_cdc.o
 .text.USBD_CDC_GetDeviceQualifierDescriptor
                0x0000000008005dac       0x20 Middlewares/ST/STM32_USB_Device_Library/Class/CDC/Src/usbd_cdc.o
                0x0000000008005dac                USBD_CDC_GetDeviceQualifierDescriptor
 .text.USBD_CDC_RegisterInterface
                0x0000000008005dcc       0x2a Middlewares/ST/STM32_USB_Device_Library/Class/CDC/Src/usbd_cdc.o
                0x0000000008005dcc                USBD_CDC_RegisterInterface
 .text.USBD_CDC_SetTxBuffer
                0x0000000008005df6       0x32 Middlewares/ST/STM32_USB_Device_Library/Class/CDC/Src/usbd_cdc.o
                0x0000000008005df6                USBD_CDC_SetTxBuffer
 .text.USBD_CDC_SetRxBuffer
                0x0000000008005e28       0x28 Middlewares/ST/STM32_USB_Device_Library/Class/CDC/Src/usbd_cdc.o
                0x0000000008005e28                USBD_CDC_SetRxBuffer
 .text.USBD_CDC_TransmitPacket
                0x0000000008005e50       0x60 Middlewares/ST/STM32_USB_Device_Library/Class/CDC/Src/usbd_cdc.o
                0x0000000008005e50                USBD_CDC_TransmitPacket
 .text.USBD_CDC_ReceivePacket
                0x0000000008005eb0       0x54 Middlewares/ST/STM32_USB_Device_Library/Class/CDC/Src/usbd_cdc.o
                0x0000000008005eb0                USBD_CDC_ReceivePacket
 .text.USBD_Init
                0x0000000008005f04       0x6c Middlewares/ST/STM32_USB_Device_Library/Core/Src/usbd_core.o
                0x0000000008005f04                USBD_Init
 .text.USBD_RegisterClass
                0x0000000008005f70       0x42 Middlewares/ST/STM32_USB_Device_Library/Core/Src/usbd_core.o
                0x0000000008005f70                USBD_RegisterClass
 .text.USBD_Start
                0x0000000008005fb2       0x18 Middlewares/ST/STM32_USB_Device_Library/Core/Src/usbd_core.o
                0x0000000008005fb2                USBD_Start
 .text.USBD_RunTestMode
                0x0000000008005fca       0x16 Middlewares/ST/STM32_USB_Device_Library/Core/Src/usbd_core.o
                0x0000000008005fca                USBD_RunTestMode
 .text.USBD_SetClassConfig
                0x0000000008005fe0       0x38 Middlewares/ST/STM32_USB_Device_Library/Core/Src/usbd_core.o
                0x0000000008005fe0                USBD_SetClassConfig
 .text.USBD_ClrClassConfig
                0x0000000008006018       0x30 Middlewares/ST/STM32_USB_Device_Library/Core/Src/usbd_core.o
                0x0000000008006018                USBD_ClrClassConfig
 .text.USBD_LL_SetupStage
                0x0000000008006048       0xa6 Middlewares/ST/STM32_USB_Device_Library/Core/Src/usbd_core.o
                0x0000000008006048                USBD_LL_SetupStage
 .text.USBD_LL_DataOutStage
                0x00000000080060ee       0xc6 Middlewares/ST/STM32_USB_Device_Library/Core/Src/usbd_core.o
                0x00000000080060ee                USBD_LL_DataOutStage
 .text.USBD_LL_DataInStage
                0x00000000080061b4      0x12c Middlewares/ST/STM32_USB_Device_Library/Core/Src/usbd_core.o
                0x00000000080061b4                USBD_LL_DataInStage
 .text.USBD_LL_Reset
                0x00000000080062e0       0x82 Middlewares/ST/STM32_USB_Device_Library/Core/Src/usbd_core.o
                0x00000000080062e0                USBD_LL_Reset
 .text.USBD_LL_SetSpeed
                0x0000000008006362       0x20 Middlewares/ST/STM32_USB_Device_Library/Core/Src/usbd_core.o
                0x0000000008006362                USBD_LL_SetSpeed
 .text.USBD_LL_Suspend
                0x0000000008006382       0x2a Middlewares/ST/STM32_USB_Device_Library/Core/Src/usbd_core.o
                0x0000000008006382                USBD_LL_Suspend
 .text.USBD_LL_Resume
                0x00000000080063ac       0x2c Middlewares/ST/STM32_USB_Device_Library/Core/Src/usbd_core.o
                0x00000000080063ac                USBD_LL_Resume
 .text.USBD_LL_SOF
                0x00000000080063d8       0x34 Middlewares/ST/STM32_USB_Device_Library/Core/Src/usbd_core.o
                0x00000000080063d8                USBD_LL_SOF
 .text.USBD_LL_IsoINIncomplete
                0x000000000800640c       0x1a Middlewares/ST/STM32_USB_Device_Library/Core/Src/usbd_core.o
                0x000000000800640c                USBD_LL_IsoINIncomplete
 .text.USBD_LL_IsoOUTIncomplete
                0x0000000008006426       0x1a Middlewares/ST/STM32_USB_Device_Library/Core/Src/usbd_core.o
                0x0000000008006426                USBD_LL_IsoOUTIncomplete
 .text.USBD_LL_DevConnected
                0x0000000008006440       0x16 Middlewares/ST/STM32_USB_Device_Library/Core/Src/usbd_core.o
                0x0000000008006440                USBD_LL_DevConnected
 .text.USBD_LL_DevDisconnected
                0x0000000008006456       0x38 Middlewares/ST/STM32_USB_Device_Library/Core/Src/usbd_core.o
                0x0000000008006456                USBD_LL_DevDisconnected
 .text.SWAPBYTE
                0x000000000800648e       0x3c Middlewares/ST/STM32_USB_Device_Library/Core/Src/usbd_ctlreq.o
 *fill*         0x00000000080064ca        0x2 
 .text.USBD_StdDevReq
                0x00000000080064cc       0xdc Middlewares/ST/STM32_USB_Device_Library/Core/Src/usbd_ctlreq.o
                0x00000000080064cc                USBD_StdDevReq
 .text.USBD_StdItfReq
                0x00000000080065a8       0x8c Middlewares/ST/STM32_USB_Device_Library/Core/Src/usbd_ctlreq.o
                0x00000000080065a8                USBD_StdItfReq
 .text.USBD_StdEPReq
                0x0000000008006634      0x2aa Middlewares/ST/STM32_USB_Device_Library/Core/Src/usbd_ctlreq.o
                0x0000000008006634                USBD_StdEPReq
 *fill*         0x00000000080068de        0x2 
 .text.USBD_GetDescriptor
                0x00000000080068e0      0x2d4 Middlewares/ST/STM32_USB_Device_Library/Core/Src/usbd_ctlreq.o
 .text.USBD_SetAddress
                0x0000000008006bb4       0x84 Middlewares/ST/STM32_USB_Device_Library/Core/Src/usbd_ctlreq.o
 .text.USBD_SetConfig
                0x0000000008006c38      0x148 Middlewares/ST/STM32_USB_Device_Library/Core/Src/usbd_ctlreq.o
 .text.USBD_GetConfig
                0x0000000008006d80       0x68 Middlewares/ST/STM32_USB_Device_Library/Core/Src/usbd_ctlreq.o
 .text.USBD_GetStatus
                0x0000000008006de8       0x66 Middlewares/ST/STM32_USB_Device_Library/Core/Src/usbd_ctlreq.o
 .text.USBD_SetFeature
                0x0000000008006e4e       0x28 Middlewares/ST/STM32_USB_Device_Library/Core/Src/usbd_ctlreq.o
 .text.USBD_ClrFeature
                0x0000000008006e76       0x42 Middlewares/ST/STM32_USB_Device_Library/Core/Src/usbd_ctlreq.o
 .text.USBD_ParseSetupRequest
                0x0000000008006eb8       0x74 Middlewares/ST/STM32_USB_Device_Library/Core/Src/usbd_ctlreq.o
                0x0000000008006eb8                USBD_ParseSetupRequest
 .text.USBD_CtlError
                0x0000000008006f2c       0x22 Middlewares/ST/STM32_USB_Device_Library/Core/Src/usbd_ctlreq.o
                0x0000000008006f2c                USBD_CtlError
 .text.USBD_GetString
                0x0000000008006f4e       0x8c Middlewares/ST/STM32_USB_Device_Library/Core/Src/usbd_ctlreq.o
                0x0000000008006f4e                USBD_GetString
 .text.USBD_GetLen
                0x0000000008006fda       0x34 Middlewares/ST/STM32_USB_Device_Library/Core/Src/usbd_ctlreq.o
 .text.USBD_CtlSendData
                0x000000000800700e       0x36 Middlewares/ST/STM32_USB_Device_Library/Core/Src/usbd_ioreq.o
                0x000000000800700e                USBD_CtlSendData
 .text.USBD_CtlContinueSendData
                0x0000000008007044       0x22 Middlewares/ST/STM32_USB_Device_Library/Core/Src/usbd_ioreq.o
                0x0000000008007044                USBD_CtlContinueSendData
 .text.USBD_CtlPrepareRx
                0x0000000008007066       0x3a Middlewares/ST/STM32_USB_Device_Library/Core/Src/usbd_ioreq.o
                0x0000000008007066                USBD_CtlPrepareRx
 .text.USBD_CtlContinueRx
                0x00000000080070a0       0x22 Middlewares/ST/STM32_USB_Device_Library/Core/Src/usbd_ioreq.o
                0x00000000080070a0                USBD_CtlContinueRx
 .text.USBD_CtlSendStatus
                0x00000000080070c2       0x26 Middlewares/ST/STM32_USB_Device_Library/Core/Src/usbd_ioreq.o
                0x00000000080070c2                USBD_CtlSendStatus
 .text.USBD_CtlReceiveStatus
                0x00000000080070e8       0x26 Middlewares/ST/STM32_USB_Device_Library/Core/Src/usbd_ioreq.o
                0x00000000080070e8                USBD_CtlReceiveStatus
 *fill*         0x000000000800710e        0x2 
 .text.MX_USB_DEVICE_Init
                0x0000000008007110       0x60 USB_DEVICE/App/usb_device.o
                0x0000000008007110                MX_USB_DEVICE_Init
 .text.CDC_Init_FS
                0x0000000008007170       0x28 USB_DEVICE/App/usbd_cdc_if.o
 .text.CDC_DeInit_FS
                0x0000000008007198       0x10 USB_DEVICE/App/usbd_cdc_if.o
 .text.CDC_Control_FS
                0x00000000080071a8       0xbc USB_DEVICE/App/usbd_cdc_if.o
 .text.CDC_Receive_FS
                0x0000000008007264       0x34 USB_DEVICE/App/usbd_cdc_if.o
 .text.CDC_Transmit_FS
                0x0000000008007298       0x4c USB_DEVICE/App/usbd_cdc_if.o
                0x0000000008007298                CDC_Transmit_FS
 .text.CDC_TransmitCplt_FS
                0x00000000080072e4       0x22 USB_DEVICE/App/usbd_cdc_if.o
 *fill*         0x0000000008007306        0x2 
 .text.USBD_FS_DeviceDescriptor
                0x0000000008007308       0x24 USB_DEVICE/App/usbd_desc.o
                0x0000000008007308                USBD_FS_DeviceDescriptor
 .text.USBD_FS_LangIDStrDescriptor
                0x000000000800732c       0x24 USB_DEVICE/App/usbd_desc.o
                0x000000000800732c                USBD_FS_LangIDStrDescriptor
 .text.USBD_FS_ProductStrDescriptor
                0x0000000008007350       0x3c USB_DEVICE/App/usbd_desc.o
                0x0000000008007350                USBD_FS_ProductStrDescriptor
 .text.USBD_FS_ManufacturerStrDescriptor
                0x000000000800738c       0x28 USB_DEVICE/App/usbd_desc.o
                0x000000000800738c                USBD_FS_ManufacturerStrDescriptor
 .text.USBD_FS_SerialStrDescriptor
                0x00000000080073b4       0x24 USB_DEVICE/App/usbd_desc.o
                0x00000000080073b4                USBD_FS_SerialStrDescriptor
 .text.USBD_FS_ConfigStrDescriptor
                0x00000000080073d8       0x3c USB_DEVICE/App/usbd_desc.o
                0x00000000080073d8                USBD_FS_ConfigStrDescriptor
 .text.USBD_FS_InterfaceStrDescriptor
                0x0000000008007414       0x3c USB_DEVICE/App/usbd_desc.o
                0x0000000008007414                USBD_FS_InterfaceStrDescriptor
 .text.Get_SerialNum
                0x0000000008007450       0x58 USB_DEVICE/App/usbd_desc.o
 .text.IntToUnicode
                0x00000000080074a8       0x7c USB_DEVICE/App/usbd_desc.o
 .text.HAL_PCD_MspInit
                0x0000000008007524       0xa8 USB_DEVICE/Target/usbd_conf.o
                0x0000000008007524                HAL_PCD_MspInit
 .text.HAL_PCD_SetupStageCallback
                0x00000000080075cc       0x24 USB_DEVICE/Target/usbd_conf.o
                0x00000000080075cc                HAL_PCD_SetupStageCallback
 .text.HAL_PCD_DataOutStageCallback
                0x00000000080075f0       0x36 USB_DEVICE/Target/usbd_conf.o
                0x00000000080075f0                HAL_PCD_DataOutStageCallback
 .text.HAL_PCD_DataInStageCallback
                0x0000000008007626       0x34 USB_DEVICE/Target/usbd_conf.o
                0x0000000008007626                HAL_PCD_DataInStageCallback
 .text.HAL_PCD_SOFCallback
                0x000000000800765a       0x1c USB_DEVICE/Target/usbd_conf.o
                0x000000000800765a                HAL_PCD_SOFCallback
 .text.HAL_PCD_ResetCallback
                0x0000000008007676       0x50 USB_DEVICE/Target/usbd_conf.o
                0x0000000008007676                HAL_PCD_ResetCallback
 *fill*         0x00000000080076c6        0x2 
 .text.HAL_PCD_SuspendCallback
                0x00000000080076c8       0x50 USB_DEVICE/Target/usbd_conf.o
                0x00000000080076c8                HAL_PCD_SuspendCallback
 .text.HAL_PCD_ResumeCallback
                0x0000000008007718       0x1c USB_DEVICE/Target/usbd_conf.o
                0x0000000008007718                HAL_PCD_ResumeCallback
 .text.HAL_PCD_ISOOUTIncompleteCallback
                0x0000000008007734       0x24 USB_DEVICE/Target/usbd_conf.o
                0x0000000008007734                HAL_PCD_ISOOUTIncompleteCallback
 .text.HAL_PCD_ISOINIncompleteCallback
                0x0000000008007758       0x24 USB_DEVICE/Target/usbd_conf.o
                0x0000000008007758                HAL_PCD_ISOINIncompleteCallback
 .text.HAL_PCD_ConnectCallback
                0x000000000800777c       0x1c USB_DEVICE/Target/usbd_conf.o
                0x000000000800777c                HAL_PCD_ConnectCallback
 .text.HAL_PCD_DisconnectCallback
                0x0000000008007798       0x1c USB_DEVICE/Target/usbd_conf.o
                0x0000000008007798                HAL_PCD_DisconnectCallback
 .text.USBD_LL_Init
                0x00000000080077b4       0x98 USB_DEVICE/Target/usbd_conf.o
                0x00000000080077b4                USBD_LL_Init
 .text.USBD_LL_Start
                0x000000000800784c       0x36 USB_DEVICE/Target/usbd_conf.o
                0x000000000800784c                USBD_LL_Start
 .text.USBD_LL_OpenEP
                0x0000000008007882       0x4c USB_DEVICE/Target/usbd_conf.o
                0x0000000008007882                USBD_LL_OpenEP
 .text.USBD_LL_CloseEP
                0x00000000080078ce       0x3e USB_DEVICE/Target/usbd_conf.o
                0x00000000080078ce                USBD_LL_CloseEP
 .text.USBD_LL_StallEP
                0x000000000800790c       0x3e USB_DEVICE/Target/usbd_conf.o
                0x000000000800790c                USBD_LL_StallEP
 .text.USBD_LL_ClearStallEP
                0x000000000800794a       0x3e USB_DEVICE/Target/usbd_conf.o
                0x000000000800794a                USBD_LL_ClearStallEP
 .text.USBD_LL_IsStallEP
                0x0000000008007988       0x58 USB_DEVICE/Target/usbd_conf.o
                0x0000000008007988                USBD_LL_IsStallEP
 .text.USBD_LL_SetUSBAddress
                0x00000000080079e0       0x3e USB_DEVICE/Target/usbd_conf.o
                0x00000000080079e0                USBD_LL_SetUSBAddress
 .text.USBD_LL_Transmit
                0x0000000008007a1e       0x42 USB_DEVICE/Target/usbd_conf.o
                0x0000000008007a1e                USBD_LL_Transmit
 .text.USBD_LL_PrepareReceive
                0x0000000008007a60       0x42 USB_DEVICE/Target/usbd_conf.o
                0x0000000008007a60                USBD_LL_PrepareReceive
 .text.USBD_LL_GetRxDataSize
                0x0000000008007aa2       0x26 USB_DEVICE/Target/usbd_conf.o
                0x0000000008007aa2                USBD_LL_GetRxDataSize
 .text.USBD_Get_USB_Status
                0x0000000008007ac8       0x58 USB_DEVICE/Target/usbd_conf.o
                0x0000000008007ac8                USBD_Get_USB_Status
 .text.Reset_Handler
                0x0000000008007b20       0x50 startup/startup_stm32f407xx.o
                0x0000000008007b20                Reset_Handler
 .text.Default_Handler
                0x0000000008007b70        0x2 startup/startup_stm32f407xx.o
                0x0000000008007b70                RTC_Alarm_IRQHandler
                0x0000000008007b70                HASH_RNG_IRQHandler
                0x0000000008007b70                EXTI2_IRQHandler
                0x0000000008007b70                TIM8_CC_IRQHandler
                0x0000000008007b70                TIM1_CC_IRQHandler
                0x0000000008007b70                DMA2_Stream5_IRQHandler
                0x0000000008007b70                DMA1_Stream5_IRQHandler
                0x0000000008007b70                PVD_IRQHandler
                0x0000000008007b70                SDIO_IRQHandler
                0x0000000008007b70                TAMP_STAMP_IRQHandler
                0x0000000008007b70                CAN2_RX1_IRQHandler
                0x0000000008007b70                EXTI3_IRQHandler
                0x0000000008007b70                TIM8_TRG_COM_TIM14_IRQHandler
                0x0000000008007b70                TIM1_UP_TIM10_IRQHandler
                0x0000000008007b70                TIM8_UP_TIM13_IRQHandler
                0x0000000008007b70                I2C3_ER_IRQHandler
                0x0000000008007b70                EXTI0_IRQHandler
                0x0000000008007b70                I2C2_EV_IRQHandler
                0x0000000008007b70                DMA1_Stream2_IRQHandler
                0x0000000008007b70                CAN1_RX0_IRQHandler
                0x0000000008007b70                FPU_IRQHandler
                0x0000000008007b70                OTG_HS_WKUP_IRQHandler
                0x0000000008007b70                CAN2_SCE_IRQHandler
                0x0000000008007b70                DMA2_Stream2_IRQHandler
                0x0000000008007b70                SPI1_IRQHandler
                0x0000000008007b70                TIM6_DAC_IRQHandler
                0x0000000008007b70                TIM1_BRK_TIM9_IRQHandler
                0x0000000008007b70                DCMI_IRQHandler
                0x0000000008007b70                CAN2_RX0_IRQHandler
                0x0000000008007b70                DMA2_Stream3_IRQHandler
                0x0000000008007b70                USART6_IRQHandler
                0x0000000008007b70                USART3_IRQHandler
                0x0000000008007b70                CAN1_RX1_IRQHandler
                0x0000000008007b70                UART5_IRQHandler
                0x0000000008007b70                DMA2_Stream0_IRQHandler
                0x0000000008007b70                TIM4_IRQHandler
                0x0000000008007b70                I2C1_EV_IRQHandler
                0x0000000008007b70                DMA1_Stream6_IRQHandler
                0x0000000008007b70                DMA1_Stream1_IRQHandler
                0x0000000008007b70                UART4_IRQHandler
                0x0000000008007b70                TIM3_IRQHandler
                0x0000000008007b70                RCC_IRQHandler
                0x0000000008007b70                TIM8_BRK_TIM12_IRQHandler
                0x0000000008007b70                Default_Handler
                0x0000000008007b70                EXTI15_10_IRQHandler
                0x0000000008007b70                ADC_IRQHandler
                0x0000000008007b70                DMA1_Stream7_IRQHandler
                0x0000000008007b70                TIM7_IRQHandler
                0x0000000008007b70                CAN2_TX_IRQHandler
                0x0000000008007b70                TIM5_IRQHandler
                0x0000000008007b70                DMA2_Stream7_IRQHandler
                0x0000000008007b70                I2C3_EV_IRQHandler
                0x0000000008007b70                EXTI9_5_IRQHandler
                0x0000000008007b70                RTC_WKUP_IRQHandler
                0x0000000008007b70                ETH_WKUP_IRQHandler
                0x0000000008007b70                SPI2_IRQHandler
                0x0000000008007b70                OTG_HS_EP1_IN_IRQHandler
                0x0000000008007b70                DMA1_Stream0_IRQHandler
                0x0000000008007b70                CAN1_TX_IRQHandler
                0x0000000008007b70                EXTI4_IRQHandler
                0x0000000008007b70                FSMC_IRQHandler
                0x0000000008007b70                ETH_IRQHandler
                0x0000000008007b70                OTG_HS_EP1_OUT_IRQHandler
                0x0000000008007b70                WWDG_IRQHandler
                0x0000000008007b70                TIM2_IRQHandler
                0x0000000008007b70                OTG_FS_WKUP_IRQHandler
                0x0000000008007b70                TIM1_TRG_COM_TIM11_IRQHandler
                0x0000000008007b70                OTG_HS_IRQHandler
                0x0000000008007b70                EXTI1_IRQHandler
                0x0000000008007b70                USART2_IRQHandler
                0x0000000008007b70                I2C2_ER_IRQHandler
                0x0000000008007b70                DMA2_Stream1_IRQHandler
                0x0000000008007b70                CAN1_SCE_IRQHandler
                0x0000000008007b70                FLASH_IRQHandler
                0x0000000008007b70                DMA2_Stream4_IRQHandler
                0x0000000008007b70                USART1_IRQHandler
                0x0000000008007b70                SPI3_IRQHandler
                0x0000000008007b70                DMA1_Stream4_IRQHandler
                0x0000000008007b70                I2C1_ER_IRQHandler
                0x0000000008007b70                DMA2_Stream6_IRQHandler
                0x0000000008007b70                DMA1_Stream3_IRQHandler
 *fill*         0x0000000008007b72        0x2 
 .text.__errno  0x0000000008007b74        0xc /opt/Atollic_TrueSTUDIO_for_STM32_x86_64_9.3.0/ARMTools/bin/../lib/gcc/arm-atollic-eabi/6.3.1/../../../../arm-atollic-eabi/lib/armv7e-m/fpu/libc_nano.a(lib_a-errno.o)
                0x0000000008007b74                __errno
 .text.__libc_init_array
                0x0000000008007b80       0x48 /opt/Atollic_TrueSTUDIO_for_STM32_x86_64_9.3.0/ARMTools/bin/../lib/gcc/arm-atollic-eabi/6.3.1/../../../../arm-atollic-eabi/lib/armv7e-m/fpu/libc_nano.a(lib_a-init.o)
                0x0000000008007b80                __libc_init_array
 .text.malloc   0x0000000008007bc8       0x10 /opt/Atollic_TrueSTUDIO_for_STM32_x86_64_9.3.0/ARMTools/bin/../lib/gcc/arm-atollic-eabi/6.3.1/../../../../arm-atollic-eabi/lib/armv7e-m/fpu/libc_nano.a(lib_a-malloc.o)
                0x0000000008007bc8                malloc
 .text.free     0x0000000008007bd8       0x10 /opt/Atollic_TrueSTUDIO_for_STM32_x86_64_9.3.0/ARMTools/bin/../lib/gcc/arm-atollic-eabi/6.3.1/../../../../arm-atollic-eabi/lib/armv7e-m/fpu/libc_nano.a(lib_a-malloc.o)
                0x0000000008007bd8                free
 .text.memcpy   0x0000000008007be8       0x16 /opt/Atollic_TrueSTUDIO_for_STM32_x86_64_9.3.0/ARMTools/bin/../lib/gcc/arm-atollic-eabi/6.3.1/../../../../arm-atollic-eabi/lib/armv7e-m/fpu/libc_nano.a(lib_a-memcpy-stub.o)
                0x0000000008007be8                memcpy
 .text.memset   0x0000000008007bfe       0x10 /opt/Atollic_TrueSTUDIO_for_STM32_x86_64_9.3.0/ARMTools/bin/../lib/gcc/arm-atollic-eabi/6.3.1/../../../../arm-atollic-eabi/lib/armv7e-m/fpu/libc_nano.a(lib_a-memset.o)
                0x0000000008007bfe                memset
 *fill*         0x0000000008007c0e        0x2 
 .text._free_r  0x0000000008007c10       0x9c /opt/Atollic_TrueSTUDIO_for_STM32_x86_64_9.3.0/ARMTools/bin/../lib/gcc/arm-atollic-eabi/6.3.1/../../../../arm-atollic-eabi/lib/armv7e-m/fpu/libc_nano.a(lib_a-nano-freer.o)
                0x0000000008007c10                _free_r
 .text._malloc_r
                0x0000000008007cac       0xbc /opt/Atollic_TrueSTUDIO_for_STM32_x86_64_9.3.0/ARMTools/bin/../lib/gcc/arm-atollic-eabi/6.3.1/../../../../arm-atollic-eabi/lib/armv7e-m/fpu/libc_nano.a(lib_a-nano-mallocr.o)
                0x0000000008007cac                _malloc_r
 .text._sbrk_r  0x0000000008007d68       0x20 /opt/Atollic_TrueSTUDIO_for_STM32_x86_64_9.3.0/ARMTools/bin/../lib/gcc/arm-atollic-eabi/6.3.1/../../../../arm-atollic-eabi/lib/armv7e-m/fpu/libc_nano.a(lib_a-sbrkr.o)
                0x0000000008007d68                _sbrk_r
 .text.__malloc_lock
                0x0000000008007d88        0x2 /opt/Atollic_TrueSTUDIO_for_STM32_x86_64_9.3.0/ARMTools/bin/../lib/gcc/arm-atollic-eabi/6.3.1/../../../../arm-atollic-eabi/lib/armv7e-m/fpu/libc_nano.a(lib_a-mlock.o)
                0x0000000008007d88                __malloc_lock
 .text.__malloc_unlock
                0x0000000008007d8a        0x2 /opt/Atollic_TrueSTUDIO_for_STM32_x86_64_9.3.0/ARMTools/bin/../lib/gcc/arm-atollic-eabi/6.3.1/../../../../arm-atollic-eabi/lib/armv7e-m/fpu/libc_nano.a(lib_a-mlock.o)
                0x0000000008007d8a                __malloc_unlock
 *(.glue_7)
 .glue_7        0x0000000008007d8c        0x0 linker stubs
 *(.glue_7t)
 .glue_7t       0x0000000008007d8c        0x0 linker stubs
 *(.eh_frame)
 .eh_frame      0x0000000008007d8c        0x0 /opt/Atollic_TrueSTUDIO_for_STM32_x86_64_9.3.0/ARMTools/bin/../lib/gcc/arm-atollic-eabi/6.3.1/armv7e-m/fpu/crtbegin.o
 *(.init)
 .init          0x0000000008007d8c        0x4 /opt/Atollic_TrueSTUDIO_for_STM32_x86_64_9.3.0/ARMTools/bin/../lib/gcc/arm-atollic-eabi/6.3.1/armv7e-m/fpu/crti.o
                0x0000000008007d8c                _init
 .init          0x0000000008007d90        0x8 /opt/Atollic_TrueSTUDIO_for_STM32_x86_64_9.3.0/ARMTools/bin/../lib/gcc/arm-atollic-eabi/6.3.1/armv7e-m/fpu/crtn.o
 *(.fini)
 .fini          0x0000000008007d98        0x4 /opt/Atollic_TrueSTUDIO_for_STM32_x86_64_9.3.0/ARMTools/bin/../lib/gcc/arm-atollic-eabi/6.3.1/armv7e-m/fpu/crti.o
                0x0000000008007d98                _fini
 .fini          0x0000000008007d9c        0x8 /opt/Atollic_TrueSTUDIO_for_STM32_x86_64_9.3.0/ARMTools/bin/../lib/gcc/arm-atollic-eabi/6.3.1/armv7e-m/fpu/crtn.o
                0x0000000008007da4                . = ALIGN (0x4)
                0x0000000008007da4                _etext = .

.vfp11_veneer   0x0000000008007da4        0x0
 .vfp11_veneer  0x0000000008007da4        0x0 linker stubs

.v4_bx          0x0000000008007da4        0x0
 .v4_bx         0x0000000008007da4        0x0 linker stubs

.iplt           0x0000000008007da4        0x0
 .iplt          0x0000000008007da4        0x0 /opt/Atollic_TrueSTUDIO_for_STM32_x86_64_9.3.0/ARMTools/bin/../lib/gcc/arm-atollic-eabi/6.3.1/armv7e-m/fpu/crtbegin.o

.rodata         0x0000000008007da4       0x5c
                0x0000000008007da4                . = ALIGN (0x4)
 *(.rodata)
 .rodata        0x0000000008007da4       0x46 USB_DEVICE/App/usbd_desc.o
 *(.rodata*)
 *fill*         0x0000000008007dea        0x2 
 .rodata.key    0x0000000008007dec        0x4 Core/Src/main.o
                0x0000000008007dec                key
 .rodata.AHBPrescTable
                0x0000000008007df0       0x10 Core/Src/system_stm32f4xx.o
                0x0000000008007df0                AHBPrescTable
                0x0000000008007e00                . = ALIGN (0x4)

.ARM.extab
 *(.ARM.extab* .gnu.linkonce.armextab.*)

.ARM            0x0000000008007e00        0x8
                0x0000000008007e00                __exidx_start = .
 *(.ARM.exidx*)
 .ARM.exidx     0x0000000008007e00        0x8 /opt/Atollic_TrueSTUDIO_for_STM32_x86_64_9.3.0/ARMTools/bin/../lib/gcc/arm-atollic-eabi/6.3.1/armv7e-m/fpu/libgcc.a(_udivmoddi4.o)
                0x0000000008007e08                __exidx_end = .

.rel.dyn        0x0000000008007e08        0x0
 .rel.iplt      0x0000000008007e08        0x0 /opt/Atollic_TrueSTUDIO_for_STM32_x86_64_9.3.0/ARMTools/bin/../lib/gcc/arm-atollic-eabi/6.3.1/armv7e-m/fpu/crtbegin.o

.preinit_array  0x0000000008007e08        0x0
                0x0000000008007e08                PROVIDE (__preinit_array_start, .)
 *(.preinit_array*)
                0x0000000008007e08                PROVIDE (__preinit_array_end, .)

.init_array     0x0000000008007e08        0x4
                0x0000000008007e08                PROVIDE (__init_array_start, .)
 *(SORT(.init_array.*))
 *(.init_array*)
 .init_array    0x0000000008007e08        0x4 /opt/Atollic_TrueSTUDIO_for_STM32_x86_64_9.3.0/ARMTools/bin/../lib/gcc/arm-atollic-eabi/6.3.1/armv7e-m/fpu/crtbegin.o
                0x0000000008007e0c                PROVIDE (__init_array_end, .)

.fini_array     0x0000000008007e0c        0x4
                [!provide]                        PROVIDE (__fini_array_start, .)
 *(SORT(.fini_array.*))
 *(.fini_array*)
 .fini_array    0x0000000008007e0c        0x4 /opt/Atollic_TrueSTUDIO_for_STM32_x86_64_9.3.0/ARMTools/bin/../lib/gcc/arm-atollic-eabi/6.3.1/armv7e-m/fpu/crtbegin.o
                [!provide]                        PROVIDE (__fini_array_end, .)
                0x0000000008007e10                _sidata = LOADADDR (.data)

.data           0x0000000020000000      0x1e4 load address 0x0000000008007e10
                0x0000000020000000                . = ALIGN (0x4)
                0x0000000020000000                _sdata = .
 *(.data)
 *(.data*)
 .data.SystemCoreClock
                0x0000000020000000        0x4 Core/Src/system_stm32f4xx.o
                0x0000000020000000                SystemCoreClock
 .data.uwTickPrio
                0x0000000020000004        0x4 Drivers/STM32F4xx_HAL_Driver/Src/stm32f4xx_hal.o
                0x0000000020000004                uwTickPrio
 .data.uwTickFreq
                0x0000000020000008        0x1 Drivers/STM32F4xx_HAL_Driver/Src/stm32f4xx_hal.o
                0x0000000020000008                uwTickFreq
 *fill*         0x0000000020000009        0x3 
 .data.USBD_CDC_DeviceQualifierDesc
                0x000000002000000c        0xa Middlewares/ST/STM32_USB_Device_Library/Class/CDC/Src/usbd_cdc.o
 *fill*         0x0000000020000016        0x2 
 .data.USBD_CDC
                0x0000000020000018       0x38 Middlewares/ST/STM32_USB_Device_Library/Class/CDC/Src/usbd_cdc.o
                0x0000000020000018                USBD_CDC
 .data.USBD_CDC_CfgHSDesc
                0x0000000020000050       0x43 Middlewares/ST/STM32_USB_Device_Library/Class/CDC/Src/usbd_cdc.o
 *fill*         0x0000000020000093        0x1 
 .data.USBD_CDC_CfgFSDesc
                0x0000000020000094       0x43 Middlewares/ST/STM32_USB_Device_Library/Class/CDC/Src/usbd_cdc.o
 *fill*         0x00000000200000d7        0x1 
 .data.USBD_CDC_OtherSpeedCfgDesc
                0x00000000200000d8       0x43 Middlewares/ST/STM32_USB_Device_Library/Class/CDC/Src/usbd_cdc.o
 *fill*         0x000000002000011b        0x1 
 .data.USBD_Interface_fops_FS
                0x000000002000011c       0x14 USB_DEVICE/App/usbd_cdc_if.o
                0x000000002000011c                USBD_Interface_fops_FS
 .data.FS_Desc  0x0000000020000130       0x1c USB_DEVICE/App/usbd_desc.o
                0x0000000020000130                FS_Desc
 .data.USBD_FS_DeviceDesc
                0x000000002000014c       0x12 USB_DEVICE/App/usbd_desc.o
                0x000000002000014c                USBD_FS_DeviceDesc
 *fill*         0x000000002000015e        0x2 
 .data.USBD_LangIDDesc
                0x0000000020000160        0x4 USB_DEVICE/App/usbd_desc.o
                0x0000000020000160                USBD_LangIDDesc
 .data.USBD_StringSerial
                0x0000000020000164       0x1a USB_DEVICE/App/usbd_desc.o
                0x0000000020000164                USBD_StringSerial
 *fill*         0x000000002000017e        0x2 
 .data._impure_ptr
                0x0000000020000180        0x4 /opt/Atollic_TrueSTUDIO_for_STM32_x86_64_9.3.0/ARMTools/bin/../lib/gcc/arm-atollic-eabi/6.3.1/../../../../arm-atollic-eabi/lib/armv7e-m/fpu/libc_nano.a(lib_a-impure.o)
                0x0000000020000180                _impure_ptr
 .data.impure_data
                0x0000000020000184       0x60 /opt/Atollic_TrueSTUDIO_for_STM32_x86_64_9.3.0/ARMTools/bin/../lib/gcc/arm-atollic-eabi/6.3.1/../../../../arm-atollic-eabi/lib/armv7e-m/fpu/libc_nano.a(lib_a-impure.o)
                0x00000000200001e4                . = ALIGN (0x4)
                0x00000000200001e4                _edata = .
                0x0000000008007ff4                _siccmram = LOADADDR (.ccmram)

.igot.plt       0x00000000200001e4        0x0 load address 0x0000000008007ff4
 .igot.plt      0x00000000200001e4        0x0 /opt/Atollic_TrueSTUDIO_for_STM32_x86_64_9.3.0/ARMTools/bin/../lib/gcc/arm-atollic-eabi/6.3.1/armv7e-m/fpu/crtbegin.o

.ccmram         0x0000000010000000        0x0 load address 0x0000000008007ff4
                0x0000000010000000                . = ALIGN (0x4)
                0x0000000010000000                _sccmram = .
 *(.ccmram)
 *(.ccmram*)
                0x0000000010000000                . = ALIGN (0x4)
                0x0000000010000000                _eccmram = .
                0x0000000010000000                . = ALIGN (0x4)

.bss            0x00000000200001e4     0x1954
                0x00000000200001e4                _sbss = .
                0x00000000200001e4                __bss_start__ = _sbss
 *(.bss)
 .bss           0x00000000200001e4       0x1c /opt/Atollic_TrueSTUDIO_for_STM32_x86_64_9.3.0/ARMTools/bin/../lib/gcc/arm-atollic-eabi/6.3.1/armv7e-m/fpu/crtbegin.o
 *(.bss*)
 .bss.heap_end.7010
                0x0000000020000200        0x4 Core/Src/syscalls.o
 .bss.cfgidx.10037
                0x0000000020000204        0x1 Middlewares/ST/STM32_USB_Device_Library/Core/Src/usbd_ctlreq.o
 *fill*         0x0000000020000205        0x3 
 .bss.__malloc_free_list
                0x0000000020000208        0x4 /opt/Atollic_TrueSTUDIO_for_STM32_x86_64_9.3.0/ARMTools/bin/../lib/gcc/arm-atollic-eabi/6.3.1/../../../../arm-atollic-eabi/lib/armv7e-m/fpu/libc_nano.a(lib_a-nano-mallocr.o)
                0x0000000020000208                __malloc_free_list
 .bss.__malloc_sbrk_start
                0x000000002000020c        0x4 /opt/Atollic_TrueSTUDIO_for_STM32_x86_64_9.3.0/ARMTools/bin/../lib/gcc/arm-atollic-eabi/6.3.1/../../../../arm-atollic-eabi/lib/armv7e-m/fpu/libc_nano.a(lib_a-nano-mallocr.o)
                0x000000002000020c                __malloc_sbrk_start
 *(COMMON)
 COMMON         0x0000000020000210       0x48 Core/Src/main.o
                0x0000000020000210                incoming
                0x0000000020000218                htim1
 COMMON         0x0000000020000258        0x4 Drivers/STM32F4xx_HAL_Driver/Src/stm32f4xx_hal.o
                0x0000000020000258                uwTick
 COMMON         0x000000002000025c      0x2d0 USB_DEVICE/App/usb_device.o
                0x000000002000025c                hUsbDeviceFS
 COMMON         0x000000002000052c     0x1000 USB_DEVICE/App/usbd_cdc_if.o
                0x000000002000052c                UserRxBufferFS
                0x0000000020000d2c                UserTxBufferFS
 COMMON         0x000000002000152c      0x200 USB_DEVICE/App/usbd_desc.o
                0x000000002000152c                USBD_StrDesc
 COMMON         0x000000002000172c      0x408 USB_DEVICE/Target/usbd_conf.o
                0x000000002000172c                hpcd_USB_OTG_FS
 COMMON         0x0000000020001b34        0x4 /opt/Atollic_TrueSTUDIO_for_STM32_x86_64_9.3.0/ARMTools/bin/../lib/gcc/arm-atollic-eabi/6.3.1/../../../../arm-atollic-eabi/lib/armv7e-m/fpu/libc_nano.a(lib_a-reent.o)
                0x0000000020001b34                errno
                0x0000000020001b38                . = ALIGN (0x4)
                0x0000000020001b38                _ebss = .
                0x0000000020001b38                __bss_end__ = _ebss

._user_heap_stack
                0x0000000020001b38     0x6000
                0x0000000020001b38                . = ALIGN (0x4)
                0x0000000020001b38                PROVIDE (end, .)
                [!provide]                        PROVIDE (_end, .)
                0x0000000020003b38                . = (. + _Min_Heap_Size)
 *fill*         0x0000000020001b38     0x2000 
                0x0000000020007b38                . = (. + _Min_Stack_Size)
 *fill*         0x0000000020003b38     0x4000 
                0x0000000020007b38                . = ALIGN (0x4)

/DISCARD/
 libc.a(*)
 libm.a(*)
 libgcc.a(*)

.ARM.attributes
                0x0000000000000000       0x30
 *(.ARM.attributes)
 .ARM.attributes
                0x0000000000000000       0x22 /opt/Atollic_TrueSTUDIO_for_STM32_x86_64_9.3.0/ARMTools/bin/../lib/gcc/arm-atollic-eabi/6.3.1/armv7e-m/fpu/crti.o
 .ARM.attributes
                0x0000000000000022       0x34 /opt/Atollic_TrueSTUDIO_for_STM32_x86_64_9.3.0/ARMTools/bin/../lib/gcc/arm-atollic-eabi/6.3.1/armv7e-m/fpu/crtbegin.o
 .ARM.attributes
                0x0000000000000056       0x39 Core/Src/main.o
 .ARM.attributes
                0x000000000000008f       0x39 Core/Src/stm32f4xx_hal_msp.o
 .ARM.attributes
                0x00000000000000c8       0x39 Core/Src/stm32f4xx_it.o
 .ARM.attributes
                0x0000000000000101       0x39 Core/Src/syscalls.o
 .ARM.attributes
                0x000000000000013a       0x39 Core/Src/system_stm32f4xx.o
 .ARM.attributes
                0x0000000000000173       0x39 Drivers/STM32F4xx_HAL_Driver/Src/stm32f4xx_hal.o
 .ARM.attributes
                0x00000000000001ac       0x39 Drivers/STM32F4xx_HAL_Driver/Src/stm32f4xx_hal_cortex.o
 .ARM.attributes
                0x00000000000001e5       0x39 Drivers/STM32F4xx_HAL_Driver/Src/stm32f4xx_hal_gpio.o
 .ARM.attributes
                0x000000000000021e       0x39 Drivers/STM32F4xx_HAL_Driver/Src/stm32f4xx_hal_pcd.o
 .ARM.attributes
                0x0000000000000257       0x39 Drivers/STM32F4xx_HAL_Driver/Src/stm32f4xx_hal_pcd_ex.o
 .ARM.attributes
                0x0000000000000290       0x39 Drivers/STM32F4xx_HAL_Driver/Src/stm32f4xx_hal_rcc.o
 .ARM.attributes
                0x00000000000002c9       0x39 Drivers/STM32F4xx_HAL_Driver/Src/stm32f4xx_hal_tim.o
 .ARM.attributes
                0x0000000000000302       0x39 Drivers/STM32F4xx_HAL_Driver/Src/stm32f4xx_hal_tim_ex.o
 .ARM.attributes
                0x000000000000033b       0x39 Drivers/STM32F4xx_HAL_Driver/Src/stm32f4xx_ll_usb.o
 .ARM.attributes
                0x0000000000000374       0x39 Middlewares/ST/STM32_USB_Device_Library/Class/CDC/Src/usbd_cdc.o
 .ARM.attributes
                0x00000000000003ad       0x39 Middlewares/ST/STM32_USB_Device_Library/Core/Src/usbd_core.o
 .ARM.attributes
                0x00000000000003e6       0x39 Middlewares/ST/STM32_USB_Device_Library/Core/Src/usbd_ctlreq.o
 .ARM.attributes
                0x000000000000041f       0x39 Middlewares/ST/STM32_USB_Device_Library/Core/Src/usbd_ioreq.o
 .ARM.attributes
                0x0000000000000458       0x39 USB_DEVICE/App/usb_device.o
 .ARM.attributes
                0x0000000000000491       0x39 USB_DEVICE/App/usbd_cdc_if.o
 .ARM.attributes
                0x00000000000004ca       0x39 USB_DEVICE/App/usbd_desc.o
 .ARM.attributes
                0x0000000000000503       0x39 USB_DEVICE/Target/usbd_conf.o
 .ARM.attributes
                0x000000000000053c       0x21 startup/startup_stm32f407xx.o
 .ARM.attributes
                0x000000000000055d       0x34 /opt/Atollic_TrueSTUDIO_for_STM32_x86_64_9.3.0/ARMTools/bin/../lib/gcc/arm-atollic-eabi/6.3.1/../../../../arm-atollic-eabi/lib/armv7e-m/fpu/libc_nano.a(lib_a-errno.o)
 .ARM.attributes
                0x0000000000000591       0x34 /opt/Atollic_TrueSTUDIO_for_STM32_x86_64_9.3.0/ARMTools/bin/../lib/gcc/arm-atollic-eabi/6.3.1/../../../../arm-atollic-eabi/lib/armv7e-m/fpu/libc_nano.a(lib_a-impure.o)
 .ARM.attributes
                0x00000000000005c5       0x34 /opt/Atollic_TrueSTUDIO_for_STM32_x86_64_9.3.0/ARMTools/bin/../lib/gcc/arm-atollic-eabi/6.3.1/../../../../arm-atollic-eabi/lib/armv7e-m/fpu/libc_nano.a(lib_a-init.o)
 .ARM.attributes
                0x00000000000005f9       0x34 /opt/Atollic_TrueSTUDIO_for_STM32_x86_64_9.3.0/ARMTools/bin/../lib/gcc/arm-atollic-eabi/6.3.1/../../../../arm-atollic-eabi/lib/armv7e-m/fpu/libc_nano.a(lib_a-malloc.o)
 .ARM.attributes
                0x000000000000062d       0x34 /opt/Atollic_TrueSTUDIO_for_STM32_x86_64_9.3.0/ARMTools/bin/../lib/gcc/arm-atollic-eabi/6.3.1/../../../../arm-atollic-eabi/lib/armv7e-m/fpu/libc_nano.a(lib_a-memcpy-stub.o)
 .ARM.attributes
                0x0000000000000661       0x34 /opt/Atollic_TrueSTUDIO_for_STM32_x86_64_9.3.0/ARMTools/bin/../lib/gcc/arm-atollic-eabi/6.3.1/../../../../arm-atollic-eabi/lib/armv7e-m/fpu/libc_nano.a(lib_a-memset.o)
 .ARM.attributes
                0x0000000000000695       0x34 /opt/Atollic_TrueSTUDIO_for_STM32_x86_64_9.3.0/ARMTools/bin/../lib/gcc/arm-atollic-eabi/6.3.1/../../../../arm-atollic-eabi/lib/armv7e-m/fpu/libc_nano.a(lib_a-nano-freer.o)
 .ARM.attributes
                0x00000000000006c9       0x34 /opt/Atollic_TrueSTUDIO_for_STM32_x86_64_9.3.0/ARMTools/bin/../lib/gcc/arm-atollic-eabi/6.3.1/../../../../arm-atollic-eabi/lib/armv7e-m/fpu/libc_nano.a(lib_a-nano-mallocr.o)
 .ARM.attributes
                0x00000000000006fd       0x34 /opt/Atollic_TrueSTUDIO_for_STM32_x86_64_9.3.0/ARMTools/bin/../lib/gcc/arm-atollic-eabi/6.3.1/../../../../arm-atollic-eabi/lib/armv7e-m/fpu/libc_nano.a(lib_a-sbrkr.o)
 .ARM.attributes
                0x0000000000000731       0x20 /opt/Atollic_TrueSTUDIO_for_STM32_x86_64_9.3.0/ARMTools/bin/../lib/gcc/arm-atollic-eabi/6.3.1/../../../../arm-atollic-eabi/lib/armv7e-m/fpu/libc_nano.a(lib_a-strcmp.o)
 .ARM.attributes
                0x0000000000000751       0x34 /opt/Atollic_TrueSTUDIO_for_STM32_x86_64_9.3.0/ARMTools/bin/../lib/gcc/arm-atollic-eabi/6.3.1/../../../../arm-atollic-eabi/lib/armv7e-m/fpu/libc_nano.a(lib_a-mlock.o)
 .ARM.attributes
                0x0000000000000785       0x34 /opt/Atollic_TrueSTUDIO_for_STM32_x86_64_9.3.0/ARMTools/bin/../lib/gcc/arm-atollic-eabi/6.3.1/../../../../arm-atollic-eabi/lib/armv7e-m/fpu/libc_nano.a(lib_a-reent.o)
 .ARM.attributes
                0x00000000000007b9       0x22 /opt/Atollic_TrueSTUDIO_for_STM32_x86_64_9.3.0/ARMTools/bin/../lib/gcc/arm-atollic-eabi/6.3.1/armv7e-m/fpu/libgcc.a(_arm_addsubdf3.o)
 .ARM.attributes
                0x00000000000007db       0x22 /opt/Atollic_TrueSTUDIO_for_STM32_x86_64_9.3.0/ARMTools/bin/../lib/gcc/arm-atollic-eabi/6.3.1/armv7e-m/fpu/libgcc.a(_arm_muldivdf3.o)
 .ARM.attributes
                0x00000000000007fd       0x22 /opt/Atollic_TrueSTUDIO_for_STM32_x86_64_9.3.0/ARMTools/bin/../lib/gcc/arm-atollic-eabi/6.3.1/armv7e-m/fpu/libgcc.a(_arm_fixdfsi.o)
 .ARM.attributes
                0x000000000000081f       0x22 /opt/Atollic_TrueSTUDIO_for_STM32_x86_64_9.3.0/ARMTools/bin/../lib/gcc/arm-atollic-eabi/6.3.1/armv7e-m/fpu/libgcc.a(_aeabi_uldivmod.o)
 .ARM.attributes
                0x0000000000000841       0x34 /opt/Atollic_TrueSTUDIO_for_STM32_x86_64_9.3.0/ARMTools/bin/../lib/gcc/arm-atollic-eabi/6.3.1/armv7e-m/fpu/libgcc.a(_udivmoddi4.o)
 .ARM.attributes
                0x0000000000000875       0x22 /opt/Atollic_TrueSTUDIO_for_STM32_x86_64_9.3.0/ARMTools/bin/../lib/gcc/arm-atollic-eabi/6.3.1/armv7e-m/fpu/libgcc.a(_dvmd_tls.o)
 .ARM.attributes
                0x0000000000000897       0x22 /opt/Atollic_TrueSTUDIO_for_STM32_x86_64_9.3.0/ARMTools/bin/../lib/gcc/arm-atollic-eabi/6.3.1/armv7e-m/fpu/crtn.o
OUTPUT(servo-controller.elf elf32-littlearm)

.debug_info     0x0000000000000000    0x1694a
 .debug_info    0x0000000000000000     0x1b00 Core/Src/main.o
 .debug_info    0x0000000000001b00      0x9db Core/Src/stm32f4xx_hal_msp.o
 .debug_info    0x00000000000024db      0x674 Core/Src/stm32f4xx_it.o
 .debug_info    0x0000000000002b4f      0xf16 Core/Src/syscalls.o
 .debug_info    0x0000000000003a65      0x556 Core/Src/system_stm32f4xx.o
 .debug_info    0x0000000000003fbb      0x944 Drivers/STM32F4xx_HAL_Driver/Src/stm32f4xx_hal.o
 .debug_info    0x00000000000048ff      0xe28 Drivers/STM32F4xx_HAL_Driver/Src/stm32f4xx_hal_cortex.o
 .debug_info    0x0000000000005727      0x7b4 Drivers/STM32F4xx_HAL_Driver/Src/stm32f4xx_hal_gpio.o
 .debug_info    0x0000000000005edb     0x1110 Drivers/STM32F4xx_HAL_Driver/Src/stm32f4xx_hal_pcd.o
 .debug_info    0x0000000000006feb      0x74f Drivers/STM32F4xx_HAL_Driver/Src/stm32f4xx_hal_pcd_ex.o
 .debug_info    0x000000000000773a      0x903 Drivers/STM32F4xx_HAL_Driver/Src/stm32f4xx_hal_rcc.o
 .debug_info    0x000000000000803d     0x24a4 Drivers/STM32F4xx_HAL_Driver/Src/stm32f4xx_hal_tim.o
 .debug_info    0x000000000000a4e1     0x1153 Drivers/STM32F4xx_HAL_Driver/Src/stm32f4xx_hal_tim_ex.o
 .debug_info    0x000000000000b634     0x18d9 Drivers/STM32F4xx_HAL_Driver/Src/stm32f4xx_ll_usb.o
 .debug_info    0x000000000000cf0d     0x17f9 Middlewares/ST/STM32_USB_Device_Library/Class/CDC/Src/usbd_cdc.o
 .debug_info    0x000000000000e706     0x1285 Middlewares/ST/STM32_USB_Device_Library/Core/Src/usbd_core.o
 .debug_info    0x000000000000f98b     0x123d Middlewares/ST/STM32_USB_Device_Library/Core/Src/usbd_ctlreq.o
 .debug_info    0x0000000000010bc8      0xf88 Middlewares/ST/STM32_USB_Device_Library/Core/Src/usbd_ioreq.o
 .debug_info    0x0000000000011b50      0xefb USB_DEVICE/App/usb_device.o
 .debug_info    0x0000000000012a4b     0x1142 USB_DEVICE/App/usbd_cdc_if.o
 .debug_info    0x0000000000013b8d      0xd1d USB_DEVICE/App/usbd_desc.o
 .debug_info    0x00000000000148aa     0x2027 USB_DEVICE/Target/usbd_conf.o
 .debug_info    0x00000000000168d1       0x79 startup/startup_stm32f407xx.o

.debug_abbrev   0x0000000000000000     0x307b
 .debug_abbrev  0x0000000000000000      0x2b6 Core/Src/main.o
 .debug_abbrev  0x00000000000002b6      0x1b0 Core/Src/stm32f4xx_hal_msp.o
 .debug_abbrev  0x0000000000000466      0x15f Core/Src/stm32f4xx_it.o
 .debug_abbrev  0x00000000000005c5      0x271 Core/Src/syscalls.o
 .debug_abbrev  0x0000000000000836      0x126 Core/Src/system_stm32f4xx.o
 .debug_abbrev  0x000000000000095c      0x1c2 Drivers/STM32F4xx_HAL_Driver/Src/stm32f4xx_hal.o
 .debug_abbrev  0x0000000000000b1e      0x2f5 Drivers/STM32F4xx_HAL_Driver/Src/stm32f4xx_hal_cortex.o
 .debug_abbrev  0x0000000000000e13      0x1c4 Drivers/STM32F4xx_HAL_Driver/Src/stm32f4xx_hal_gpio.o
 .debug_abbrev  0x0000000000000fd7      0x261 Drivers/STM32F4xx_HAL_Driver/Src/stm32f4xx_hal_pcd.o
 .debug_abbrev  0x0000000000001238      0x1ca Drivers/STM32F4xx_HAL_Driver/Src/stm32f4xx_hal_pcd_ex.o
 .debug_abbrev  0x0000000000001402      0x240 Drivers/STM32F4xx_HAL_Driver/Src/stm32f4xx_hal_rcc.o
 .debug_abbrev  0x0000000000001642      0x229 Drivers/STM32F4xx_HAL_Driver/Src/stm32f4xx_hal_tim.o
 .debug_abbrev  0x000000000000186b      0x217 Drivers/STM32F4xx_HAL_Driver/Src/stm32f4xx_hal_tim_ex.o
 .debug_abbrev  0x0000000000001a82      0x265 Drivers/STM32F4xx_HAL_Driver/Src/stm32f4xx_ll_usb.o
 .debug_abbrev  0x0000000000001ce7      0x2a2 Middlewares/ST/STM32_USB_Device_Library/Class/CDC/Src/usbd_cdc.o
 .debug_abbrev  0x0000000000001f89      0x278 Middlewares/ST/STM32_USB_Device_Library/Core/Src/usbd_core.o
 .debug_abbrev  0x0000000000002201      0x2b5 Middlewares/ST/STM32_USB_Device_Library/Core/Src/usbd_ctlreq.o
 .debug_abbrev  0x00000000000024b6      0x1f7 Middlewares/ST/STM32_USB_Device_Library/Core/Src/usbd_ioreq.o
 .debug_abbrev  0x00000000000026ad      0x1d5 USB_DEVICE/App/usb_device.o
 .debug_abbrev  0x0000000000002882      0x2df USB_DEVICE/App/usbd_cdc_if.o
 .debug_abbrev  0x0000000000002b61      0x25d USB_DEVICE/App/usbd_desc.o
 .debug_abbrev  0x0000000000002dbe      0x2ab USB_DEVICE/Target/usbd_conf.o
 .debug_abbrev  0x0000000000003069       0x12 startup/startup_stm32f407xx.o

.debug_aranges  0x0000000000000000     0x10d8
 .debug_aranges
                0x0000000000000000       0x60 Core/Src/main.o
 .debug_aranges
                0x0000000000000060       0x38 Core/Src/stm32f4xx_hal_msp.o
 .debug_aranges
                0x0000000000000098       0x68 Core/Src/stm32f4xx_it.o
 .debug_aranges
                0x0000000000000100       0xb0 Core/Src/syscalls.o
 .debug_aranges
                0x00000000000001b0       0x28 Core/Src/system_stm32f4xx.o
 .debug_aranges
                0x00000000000001d8       0xf0 Drivers/STM32F4xx_HAL_Driver/Src/stm32f4xx_hal.o
 .debug_aranges
                0x00000000000002c8      0x118 Drivers/STM32F4xx_HAL_Driver/Src/stm32f4xx_hal_cortex.o
 .debug_aranges
                0x00000000000003e0       0x58 Drivers/STM32F4xx_HAL_Driver/Src/stm32f4xx_hal_gpio.o
 .debug_aranges
                0x0000000000000438      0x130 Drivers/STM32F4xx_HAL_Driver/Src/stm32f4xx_hal_pcd.o
 .debug_aranges
                0x0000000000000568       0x38 Drivers/STM32F4xx_HAL_Driver/Src/stm32f4xx_hal_pcd_ex.o
 .debug_aranges
                0x00000000000005a0       0x88 Drivers/STM32F4xx_HAL_Driver/Src/stm32f4xx_hal_rcc.o
 .debug_aranges
                0x0000000000000628      0x3a8 Drivers/STM32F4xx_HAL_Driver/Src/stm32f4xx_hal_tim.o
 .debug_aranges
                0x00000000000009d0      0x150 Drivers/STM32F4xx_HAL_Driver/Src/stm32f4xx_hal_tim_ex.o
 .debug_aranges
                0x0000000000000b20      0x198 Drivers/STM32F4xx_HAL_Driver/Src/stm32f4xx_ll_usb.o
 .debug_aranges
                0x0000000000000cb8       0x90 Middlewares/ST/STM32_USB_Device_Library/Class/CDC/Src/usbd_cdc.o
 .debug_aranges
                0x0000000000000d48       0xb8 Middlewares/ST/STM32_USB_Device_Library/Core/Src/usbd_core.o
 .debug_aranges
                0x0000000000000e00       0x90 Middlewares/ST/STM32_USB_Device_Library/Core/Src/usbd_ctlreq.o
 .debug_aranges
                0x0000000000000e90       0x50 Middlewares/ST/STM32_USB_Device_Library/Core/Src/usbd_ioreq.o
 .debug_aranges
                0x0000000000000ee0       0x20 USB_DEVICE/App/usb_device.o
 .debug_aranges
                0x0000000000000f00       0x50 USB_DEVICE/App/usbd_cdc_if.o
 .debug_aranges
                0x0000000000000f50       0x60 USB_DEVICE/App/usbd_desc.o
 .debug_aranges
                0x0000000000000fb0      0x100 USB_DEVICE/Target/usbd_conf.o
 .debug_aranges
                0x00000000000010b0       0x28 startup/startup_stm32f407xx.o

.debug_ranges   0x0000000000000000      0xf70
 .debug_ranges  0x0000000000000000       0x50 Core/Src/main.o
 .debug_ranges  0x0000000000000050       0x28 Core/Src/stm32f4xx_hal_msp.o
 .debug_ranges  0x0000000000000078       0x58 Core/Src/stm32f4xx_it.o
 .debug_ranges  0x00000000000000d0       0xa0 Core/Src/syscalls.o
 .debug_ranges  0x0000000000000170       0x18 Core/Src/system_stm32f4xx.o
 .debug_ranges  0x0000000000000188       0xe0 Drivers/STM32F4xx_HAL_Driver/Src/stm32f4xx_hal.o
 .debug_ranges  0x0000000000000268      0x108 Drivers/STM32F4xx_HAL_Driver/Src/stm32f4xx_hal_cortex.o
 .debug_ranges  0x0000000000000370       0x48 Drivers/STM32F4xx_HAL_Driver/Src/stm32f4xx_hal_gpio.o
 .debug_ranges  0x00000000000003b8      0x120 Drivers/STM32F4xx_HAL_Driver/Src/stm32f4xx_hal_pcd.o
 .debug_ranges  0x00000000000004d8       0x28 Drivers/STM32F4xx_HAL_Driver/Src/stm32f4xx_hal_pcd_ex.o
 .debug_ranges  0x0000000000000500       0x78 Drivers/STM32F4xx_HAL_Driver/Src/stm32f4xx_hal_rcc.o
 .debug_ranges  0x0000000000000578      0x398 Drivers/STM32F4xx_HAL_Driver/Src/stm32f4xx_hal_tim.o
 .debug_ranges  0x0000000000000910      0x140 Drivers/STM32F4xx_HAL_Driver/Src/stm32f4xx_hal_tim_ex.o
 .debug_ranges  0x0000000000000a50      0x188 Drivers/STM32F4xx_HAL_Driver/Src/stm32f4xx_ll_usb.o
 .debug_ranges  0x0000000000000bd8       0x80 Middlewares/ST/STM32_USB_Device_Library/Class/CDC/Src/usbd_cdc.o
 .debug_ranges  0x0000000000000c58       0xa8 Middlewares/ST/STM32_USB_Device_Library/Core/Src/usbd_core.o
 .debug_ranges  0x0000000000000d00       0x80 Middlewares/ST/STM32_USB_Device_Library/Core/Src/usbd_ctlreq.o
 .debug_ranges  0x0000000000000d80       0x40 Middlewares/ST/STM32_USB_Device_Library/Core/Src/usbd_ioreq.o
 .debug_ranges  0x0000000000000dc0       0x10 USB_DEVICE/App/usb_device.o
 .debug_ranges  0x0000000000000dd0       0x40 USB_DEVICE/App/usbd_cdc_if.o
 .debug_ranges  0x0000000000000e10       0x50 USB_DEVICE/App/usbd_desc.o
 .debug_ranges  0x0000000000000e60       0xf0 USB_DEVICE/Target/usbd_conf.o
 .debug_ranges  0x0000000000000f50       0x20 startup/startup_stm32f407xx.o

.debug_line     0x0000000000000000     0x7750
 .debug_line    0x0000000000000000      0x4c7 Core/Src/main.o
 .debug_line    0x00000000000004c7      0x271 Core/Src/stm32f4xx_hal_msp.o
 .debug_line    0x0000000000000738      0x2bc Core/Src/stm32f4xx_it.o
 .debug_line    0x00000000000009f4      0x3b1 Core/Src/syscalls.o
 .debug_line    0x0000000000000da5      0x1f9 Core/Src/system_stm32f4xx.o
 .debug_line    0x0000000000000f9e      0x409 Drivers/STM32F4xx_HAL_Driver/Src/stm32f4xx_hal.o
 .debug_line    0x00000000000013a7      0x53d Drivers/STM32F4xx_HAL_Driver/Src/stm32f4xx_hal_cortex.o
 .debug_line    0x00000000000018e4      0x400 Drivers/STM32F4xx_HAL_Driver/Src/stm32f4xx_hal_gpio.o
 .debug_line    0x0000000000001ce4      0x7a2 Drivers/STM32F4xx_HAL_Driver/Src/stm32f4xx_hal_pcd.o
 .debug_line    0x0000000000002486      0x280 Drivers/STM32F4xx_HAL_Driver/Src/stm32f4xx_hal_pcd_ex.o
 .debug_line    0x0000000000002706      0x4aa Drivers/STM32F4xx_HAL_Driver/Src/stm32f4xx_hal_rcc.o
 .debug_line    0x0000000000002bb0     0x14b0 Drivers/STM32F4xx_HAL_Driver/Src/stm32f4xx_hal_tim.o
 .debug_line    0x0000000000004060      0x867 Drivers/STM32F4xx_HAL_Driver/Src/stm32f4xx_hal_tim_ex.o
 .debug_line    0x00000000000048c7      0x97b Drivers/STM32F4xx_HAL_Driver/Src/stm32f4xx_ll_usb.o
 .debug_line    0x0000000000005242      0x546 Middlewares/ST/STM32_USB_Device_Library/Class/CDC/Src/usbd_cdc.o
 .debug_line    0x0000000000005788      0x50a Middlewares/ST/STM32_USB_Device_Library/Core/Src/usbd_core.o
 .debug_line    0x0000000000005c92      0x615 Middlewares/ST/STM32_USB_Device_Library/Core/Src/usbd_ctlreq.o
 .debug_line    0x00000000000062a7      0x388 Middlewares/ST/STM32_USB_Device_Library/Core/Src/usbd_ioreq.o
 .debug_line    0x000000000000662f      0x35a USB_DEVICE/App/usb_device.o
 .debug_line    0x0000000000006989      0x3c2 USB_DEVICE/App/usbd_cdc_if.o
 .debug_line    0x0000000000006d4b      0x3bc USB_DEVICE/App/usbd_desc.o
 .debug_line    0x0000000000007107      0x5cb USB_DEVICE/Target/usbd_conf.o
 .debug_line    0x00000000000076d2       0x7e startup/startup_stm32f407xx.o

.debug_str      0x0000000000000000     0x51f3
 .debug_str     0x0000000000000000     0x1234 Core/Src/main.o
                                       0x13d8 (size before relaxing)
 .debug_str     0x0000000000001234       0xdd Core/Src/stm32f4xx_hal_msp.o
                                        0x89b (size before relaxing)
 .debug_str     0x0000000000001311      0x3da Core/Src/stm32f4xx_it.o
                                        0x6e2 (size before relaxing)
 .debug_str     0x00000000000016eb      0x227 Core/Src/syscalls.o
                                        0x85a (size before relaxing)
 .debug_str     0x0000000000001912       0xaf Core/Src/system_stm32f4xx.o
                                        0x42d (size before relaxing)
 .debug_str     0x00000000000019c1      0x7ae Drivers/STM32F4xx_HAL_Driver/Src/stm32f4xx_hal.o
                                        0xb7a (size before relaxing)
 .debug_str     0x000000000000216f      0x499 Drivers/STM32F4xx_HAL_Driver/Src/stm32f4xx_hal_cortex.o
                                        0xcfe (size before relaxing)
 .debug_str     0x0000000000002608      0x16f Drivers/STM32F4xx_HAL_Driver/Src/stm32f4xx_hal_gpio.o
                                        0x5c4 (size before relaxing)
 .debug_str     0x0000000000002777      0x53a Drivers/STM32F4xx_HAL_Driver/Src/stm32f4xx_hal_pcd.o
                                        0xb94 (size before relaxing)
 .debug_str     0x0000000000002cb1      0x167 Drivers/STM32F4xx_HAL_Driver/Src/stm32f4xx_hal_pcd_ex.o
                                        0x7e2 (size before relaxing)
 .debug_str     0x0000000000002e18      0x1b9 Drivers/STM32F4xx_HAL_Driver/Src/stm32f4xx_hal_rcc.o
                                        0x77b (size before relaxing)
 .debug_str     0x0000000000002fd1      0xd14 Drivers/STM32F4xx_HAL_Driver/Src/stm32f4xx_hal_tim.o
                                       0x154e (size before relaxing)
 .debug_str     0x0000000000003ce5      0x49b Drivers/STM32F4xx_HAL_Driver/Src/stm32f4xx_hal_tim_ex.o
                                        0xd4e (size before relaxing)
 .debug_str     0x0000000000004180      0x66e Drivers/STM32F4xx_HAL_Driver/Src/stm32f4xx_ll_usb.o
                                        0xd16 (size before relaxing)
 .debug_str     0x00000000000047ee      0x297 Middlewares/ST/STM32_USB_Device_Library/Class/CDC/Src/usbd_cdc.o
                                       0x10ee (size before relaxing)
 .debug_str     0x0000000000004a85      0x1ae Middlewares/ST/STM32_USB_Device_Library/Core/Src/usbd_core.o
                                        0xc72 (size before relaxing)
 .debug_str     0x0000000000004c33      0x152 Middlewares/ST/STM32_USB_Device_Library/Core/Src/usbd_ctlreq.o
                                        0xc30 (size before relaxing)
 .debug_str     0x0000000000004d85       0xc9 Middlewares/ST/STM32_USB_Device_Library/Core/Src/usbd_ioreq.o
                                        0xb80 (size before relaxing)
 .debug_str     0x0000000000004e4e       0x47 USB_DEVICE/App/usb_device.o
                                        0xb48 (size before relaxing)
 .debug_str     0x0000000000004e95       0x9a USB_DEVICE/App/usbd_cdc_if.o
                                        0xc4a (size before relaxing)
 .debug_str     0x0000000000004f2f      0x170 USB_DEVICE/App/usbd_desc.o
                                        0x959 (size before relaxing)
 .debug_str     0x000000000000509f      0x154 USB_DEVICE/Target/usbd_conf.o
                                       0x17e9 (size before relaxing)

.comment        0x0000000000000000       0x7c
 .comment       0x0000000000000000       0x7c Core/Src/main.o
                                         0x7d (size before relaxing)
 .comment       0x000000000000007c       0x7d Core/Src/stm32f4xx_hal_msp.o
 .comment       0x000000000000007c       0x7d Core/Src/stm32f4xx_it.o
 .comment       0x000000000000007c       0x7d Core/Src/syscalls.o
 .comment       0x000000000000007c       0x7d Core/Src/system_stm32f4xx.o
 .comment       0x000000000000007c       0x7d Drivers/STM32F4xx_HAL_Driver/Src/stm32f4xx_hal.o
 .comment       0x000000000000007c       0x7d Drivers/STM32F4xx_HAL_Driver/Src/stm32f4xx_hal_cortex.o
 .comment       0x000000000000007c       0x7d Drivers/STM32F4xx_HAL_Driver/Src/stm32f4xx_hal_gpio.o
 .comment       0x000000000000007c       0x7d Drivers/STM32F4xx_HAL_Driver/Src/stm32f4xx_hal_pcd.o
 .comment       0x000000000000007c       0x7d Drivers/STM32F4xx_HAL_Driver/Src/stm32f4xx_hal_pcd_ex.o
 .comment       0x000000000000007c       0x7d Drivers/STM32F4xx_HAL_Driver/Src/stm32f4xx_hal_rcc.o
 .comment       0x000000000000007c       0x7d Drivers/STM32F4xx_HAL_Driver/Src/stm32f4xx_hal_tim.o
 .comment       0x000000000000007c       0x7d Drivers/STM32F4xx_HAL_Driver/Src/stm32f4xx_hal_tim_ex.o
 .comment       0x000000000000007c       0x7d Drivers/STM32F4xx_HAL_Driver/Src/stm32f4xx_ll_usb.o
 .comment       0x000000000000007c       0x7d Middlewares/ST/STM32_USB_Device_Library/Class/CDC/Src/usbd_cdc.o
 .comment       0x000000000000007c       0x7d Middlewares/ST/STM32_USB_Device_Library/Core/Src/usbd_core.o
 .comment       0x000000000000007c       0x7d Middlewares/ST/STM32_USB_Device_Library/Core/Src/usbd_ctlreq.o
 .comment       0x000000000000007c       0x7d Middlewares/ST/STM32_USB_Device_Library/Core/Src/usbd_ioreq.o
 .comment       0x000000000000007c       0x7d USB_DEVICE/App/usb_device.o
 .comment       0x000000000000007c       0x7d USB_DEVICE/App/usbd_cdc_if.o
 .comment       0x000000000000007c       0x7d USB_DEVICE/App/usbd_desc.o
 .comment       0x000000000000007c       0x7d USB_DEVICE/Target/usbd_conf.o

.debug_frame    0x0000000000000000     0x48b0
 .debug_frame   0x0000000000000000      0x154 Core/Src/main.o
 .debug_frame   0x0000000000000154       0xac Core/Src/stm32f4xx_hal_msp.o
 .debug_frame   0x0000000000000200      0x128 Core/Src/stm32f4xx_it.o
 .debug_frame   0x0000000000000328      0x2d4 Core/Src/syscalls.o
 .debug_frame   0x00000000000005fc       0x58 Core/Src/system_stm32f4xx.o
 .debug_frame   0x0000000000000654      0x374 Drivers/STM32F4xx_HAL_Driver/Src/stm32f4xx_hal.o
 .debug_frame   0x00000000000009c8      0x498 Drivers/STM32F4xx_HAL_Driver/Src/stm32f4xx_hal_cortex.o
 .debug_frame   0x0000000000000e60      0x14c Drivers/STM32F4xx_HAL_Driver/Src/stm32f4xx_hal_gpio.o
 .debug_frame   0x0000000000000fac      0x54c Drivers/STM32F4xx_HAL_Driver/Src/stm32f4xx_hal_pcd.o
 .debug_frame   0x00000000000014f8       0xb0 Drivers/STM32F4xx_HAL_Driver/Src/stm32f4xx_hal_pcd_ex.o
 .debug_frame   0x00000000000015a8      0x1f8 Drivers/STM32F4xx_HAL_Driver/Src/stm32f4xx_hal_rcc.o
 .debug_frame   0x00000000000017a0     0x10f0 Drivers/STM32F4xx_HAL_Driver/Src/stm32f4xx_hal_tim.o
 .debug_frame   0x0000000000002890      0x5c0 Drivers/STM32F4xx_HAL_Driver/Src/stm32f4xx_hal_tim_ex.o
 .debug_frame   0x0000000000002e50      0x790 Drivers/STM32F4xx_HAL_Driver/Src/stm32f4xx_ll_usb.o
 .debug_frame   0x00000000000035e0      0x248 Middlewares/ST/STM32_USB_Device_Library/Class/CDC/Src/usbd_cdc.o
 .debug_frame   0x0000000000003828      0x2fc Middlewares/ST/STM32_USB_Device_Library/Core/Src/usbd_core.o
 .debug_frame   0x0000000000003b24      0x23c Middlewares/ST/STM32_USB_Device_Library/Core/Src/usbd_ctlreq.o
 .debug_frame   0x0000000000003d60      0x10c Middlewares/ST/STM32_USB_Device_Library/Core/Src/usbd_ioreq.o
 .debug_frame   0x0000000000003e6c       0x2c USB_DEVICE/App/usb_device.o
 .debug_frame   0x0000000000003e98      0x10c USB_DEVICE/App/usbd_cdc_if.o
 .debug_frame   0x0000000000003fa4      0x160 USB_DEVICE/App/usbd_desc.o
 .debug_frame   0x0000000000004104      0x42c USB_DEVICE/Target/usbd_conf.o
 .debug_frame   0x0000000000004530       0x20 /opt/Atollic_TrueSTUDIO_for_STM32_x86_64_9.3.0/ARMTools/bin/../lib/gcc/arm-atollic-eabi/6.3.1/../../../../arm-atollic-eabi/lib/armv7e-m/fpu/libc_nano.a(lib_a-errno.o)
 .debug_frame   0x0000000000004550       0x2c /opt/Atollic_TrueSTUDIO_for_STM32_x86_64_9.3.0/ARMTools/bin/../lib/gcc/arm-atollic-eabi/6.3.1/../../../../arm-atollic-eabi/lib/armv7e-m/fpu/libc_nano.a(lib_a-init.o)
 .debug_frame   0x000000000000457c       0x30 /opt/Atollic_TrueSTUDIO_for_STM32_x86_64_9.3.0/ARMTools/bin/../lib/gcc/arm-atollic-eabi/6.3.1/../../../../arm-atollic-eabi/lib/armv7e-m/fpu/libc_nano.a(lib_a-malloc.o)
 .debug_frame   0x00000000000045ac       0x28 /opt/Atollic_TrueSTUDIO_for_STM32_x86_64_9.3.0/ARMTools/bin/../lib/gcc/arm-atollic-eabi/6.3.1/../../../../arm-atollic-eabi/lib/armv7e-m/fpu/libc_nano.a(lib_a-memcpy-stub.o)
 .debug_frame   0x00000000000045d4       0x20 /opt/Atollic_TrueSTUDIO_for_STM32_x86_64_9.3.0/ARMTools/bin/../lib/gcc/arm-atollic-eabi/6.3.1/../../../../arm-atollic-eabi/lib/armv7e-m/fpu/libc_nano.a(lib_a-memset.o)
 .debug_frame   0x00000000000045f4       0x38 /opt/Atollic_TrueSTUDIO_for_STM32_x86_64_9.3.0/ARMTools/bin/../lib/gcc/arm-atollic-eabi/6.3.1/../../../../arm-atollic-eabi/lib/armv7e-m/fpu/libc_nano.a(lib_a-nano-freer.o)
 .debug_frame   0x000000000000462c       0x2c /opt/Atollic_TrueSTUDIO_for_STM32_x86_64_9.3.0/ARMTools/bin/../lib/gcc/arm-atollic-eabi/6.3.1/../../../../arm-atollic-eabi/lib/armv7e-m/fpu/libc_nano.a(lib_a-nano-mallocr.o)
 .debug_frame   0x0000000000004658       0x2c /opt/Atollic_TrueSTUDIO_for_STM32_x86_64_9.3.0/ARMTools/bin/../lib/gcc/arm-atollic-eabi/6.3.1/../../../../arm-atollic-eabi/lib/armv7e-m/fpu/libc_nano.a(lib_a-sbrkr.o)
 .debug_frame   0x0000000000004684       0x20 /opt/Atollic_TrueSTUDIO_for_STM32_x86_64_9.3.0/ARMTools/bin/../lib/gcc/arm-atollic-eabi/6.3.1/../../../../arm-atollic-eabi/lib/armv7e-m/fpu/libc_nano.a(lib_a-strcmp.o)
 .debug_frame   0x00000000000046a4       0x30 /opt/Atollic_TrueSTUDIO_for_STM32_x86_64_9.3.0/ARMTools/bin/../lib/gcc/arm-atollic-eabi/6.3.1/../../../../arm-atollic-eabi/lib/armv7e-m/fpu/libc_nano.a(lib_a-mlock.o)
 .debug_frame   0x00000000000046d4       0x5c /opt/Atollic_TrueSTUDIO_for_STM32_x86_64_9.3.0/ARMTools/bin/../lib/gcc/arm-atollic-eabi/6.3.1/../../../../arm-atollic-eabi/lib/armv7e-m/fpu/libc_nano.a(lib_a-reent.o)
 .debug_frame   0x0000000000004730       0xac /opt/Atollic_TrueSTUDIO_for_STM32_x86_64_9.3.0/ARMTools/bin/../lib/gcc/arm-atollic-eabi/6.3.1/armv7e-m/fpu/libgcc.a(_arm_addsubdf3.o)
 .debug_frame   0x00000000000047dc       0x50 /opt/Atollic_TrueSTUDIO_for_STM32_x86_64_9.3.0/ARMTools/bin/../lib/gcc/arm-atollic-eabi/6.3.1/armv7e-m/fpu/libgcc.a(_arm_muldivdf3.o)
 .debug_frame   0x000000000000482c       0x24 /opt/Atollic_TrueSTUDIO_for_STM32_x86_64_9.3.0/ARMTools/bin/../lib/gcc/arm-atollic-eabi/6.3.1/armv7e-m/fpu/libgcc.a(_arm_fixdfsi.o)
 .debug_frame   0x0000000000004850       0x2c /opt/Atollic_TrueSTUDIO_for_STM32_x86_64_9.3.0/ARMTools/bin/../lib/gcc/arm-atollic-eabi/6.3.1/armv7e-m/fpu/libgcc.a(_aeabi_uldivmod.o)
 .debug_frame   0x000000000000487c       0x34 /opt/Atollic_TrueSTUDIO_for_STM32_x86_64_9.3.0/ARMTools/bin/../lib/gcc/arm-atollic-eabi/6.3.1/armv7e-m/fpu/libgcc.a(_udivmoddi4.o)